Archive member included to satisfy reference by file (symbol)

C:\Users\jcala\Desktop\Stm32\stm32f4\Test_LCD4\Middleware\ST\STemWin\Lib\STemWin540_CM4_GCC.a(F6x8.o)
                              Src\GUIConf.o (GUI_Font6x8)
C:\Users\jcala\Desktop\Stm32\stm32f4\Test_LCD4\Middleware\ST\STemWin\Lib\STemWin540_CM4_GCC.a(F20_1.o)
                              Src\main.o (GUI_Font20_1)
C:\Users\jcala\Desktop\Stm32\stm32f4\Test_LCD4\Middleware\ST\STemWin\Lib\STemWin540_CM4_GCC.a(GUIDRV_Lin_32.o)
                              Src\LCDConf_stm32f429i_disco_MB1075.o (GUIDRV_Lin_32_API)
C:\Users\jcala\Desktop\Stm32\stm32f4\Test_LCD4\Middleware\ST\STemWin\Lib\STemWin540_CM4_GCC.a(LCD_Set.o)
                              Src\LCDConf_stm32f429i_disco_MB1075.o (LCD_SetVRAMAddrEx)
C:\Users\jcala\Desktop\Stm32\stm32f4\Test_LCD4\Middleware\ST\STemWin\Lib\STemWin540_CM4_GCC.a(LCD_Mirror.o)
                              C:\Users\jcala\Desktop\Stm32\stm32f4\Test_LCD4\Middleware\ST\STemWin\Lib\STemWin540_CM4_GCC.a(GUIDRV_Lin_32.o) (LCD_aMirror)
C:\Users\jcala\Desktop\Stm32\stm32f4\Test_LCD4\Middleware\ST\STemWin\Lib\STemWin540_CM4_GCC.a(LCD_GetEx.o)
                              Src\LCDConf_stm32f429i_disco_MB1075.o (LCD_GetBitsPerPixelEx)
C:\Users\jcala\Desktop\Stm32\stm32f4\Test_LCD4\Middleware\ST\STemWin\Lib\STemWin540_CM4_GCC.a(LCD_Color.o)
                              Src\LCDConf_stm32f429i_disco_MB1075.o (LCD_GetpPalConvTable)
C:\Users\jcala\Desktop\Stm32\stm32f4\Test_LCD4\Middleware\ST\STemWin\Lib\STemWin540_CM4_GCC.a(LCD.o)
                              Src\LCDConf_stm32f429i_disco_MB1075.o (LCD_FillRect)
C:\Users\jcala\Desktop\Stm32\stm32f4\Test_LCD4\Middleware\ST\STemWin\Lib\STemWin540_CM4_GCC.a(GUI__Private.o)
                              C:\Users\jcala\Desktop\Stm32\stm32f4\Test_LCD4\Middleware\ST\STemWin\Lib\STemWin540_CM4_GCC.a(GUIDRV_Lin_32.o) (GUI__memset)
C:\Users\jcala\Desktop\Stm32\stm32f4\Test_LCD4\Middleware\ST\STemWin\Lib\STemWin540_CM4_GCC.a(GUI__Alpha.o)
                              Src\LCDConf_stm32f429i_disco_MB1075.o (GUI_SetFuncAlphaBlending)
C:\Users\jcala\Desktop\Stm32\stm32f4\Test_LCD4\Middleware\ST\STemWin\Lib\STemWin540_CM4_GCC.a(GUI_UC.o)
                              C:\Users\jcala\Desktop\Stm32\stm32f4\Test_LCD4\Middleware\ST\STemWin\Lib\STemWin540_CM4_GCC.a(GUI__Private.o) (GUI_UC__GetCharCodeInc)
C:\Users\jcala\Desktop\Stm32\stm32f4\Test_LCD4\Middleware\ST\STemWin\Lib\STemWin540_CM4_GCC.a(GUI_SelectLayer.o)
                              Src\LCDConf_stm32f429i_disco_MB1075.o (GUI_GetLayerPosEx)
C:\Users\jcala\Desktop\Stm32\stm32f4\Test_LCD4\Middleware\ST\STemWin\Lib\STemWin540_CM4_GCC.a(GUI_MULTIBUF.o)
                              Src\LCDConf_stm32f429i_disco_MB1075.o (GUI_MULTIBUF_ConfirmEx)
C:\Users\jcala\Desktop\Stm32\stm32f4\Test_LCD4\Middleware\ST\STemWin\Lib\STemWin540_CM4_GCC.a(GUI_DispString.o)
                              Src\main.o (GUI_DispString)
C:\Users\jcala\Desktop\Stm32\stm32f4\Test_LCD4\Middleware\ST\STemWin\Lib\STemWin540_CM4_GCC.a(GUI_DispChar.o)
                              C:\Users\jcala\Desktop\Stm32\stm32f4\Test_LCD4\Middleware\ST\STemWin\Lib\STemWin540_CM4_GCC.a(GUI_DispString.o) (GUI_DispChar)
C:\Users\jcala\Desktop\Stm32\stm32f4\Test_LCD4\Middleware\ST\STemWin\Lib\STemWin540_CM4_GCC.a(GUI_Device.o)
                              C:\Users\jcala\Desktop\Stm32\stm32f4\Test_LCD4\Middleware\ST\STemWin\Lib\STemWin540_CM4_GCC.a(LCD_Set.o) (GUI_DEVICE__GetpDriver)
C:\Users\jcala\Desktop\Stm32\stm32f4\Test_LCD4\Middleware\ST\STemWin\Lib\STemWin540_CM4_GCC.a(GUI_Core.o)
                              C:\Users\jcala\Desktop\Stm32\stm32f4\Test_LCD4\Middleware\ST\STemWin\Lib\STemWin540_CM4_GCC.a(LCD_Set.o) (GUI__apDevice)
C:\Users\jcala\Desktop\Stm32\stm32f4\Test_LCD4\Middleware\ST\STemWin\Lib\STemWin540_CM4_GCC.a(GUI_Common.o)
                              C:\Users\jcala\Desktop\Stm32\stm32f4\Test_LCD4\Middleware\ST\STemWin\Lib\STemWin540_CM4_GCC.a(GUI__Private.o) (GUI_AddHex)
C:\Users\jcala\Desktop\Stm32\stm32f4\Test_LCD4\Middleware\ST\STemWin\Lib\STemWin540_CM4_GCC.a(GUI_CharP.o)
                              C:\Users\jcala\Desktop\Stm32\stm32f4\Test_LCD4\Middleware\ST\STemWin\Lib\STemWin540_CM4_GCC.a(F20_1.o) (GUIPROP_DispChar)
C:\Users\jcala\Desktop\Stm32\stm32f4\Test_LCD4\Middleware\ST\STemWin\Lib\STemWin540_CM4_GCC.a(GUI_CharM.o)
                              C:\Users\jcala\Desktop\Stm32\stm32f4\Test_LCD4\Middleware\ST\STemWin\Lib\STemWin540_CM4_GCC.a(F6x8.o) (GUIMONO_DispChar)
C:\Users\jcala\Desktop\Stm32\stm32f4\Test_LCD4\Middleware\ST\STemWin\Lib\STemWin540_CM4_GCC.a(GUI_CharLine.o)
                              C:\Users\jcala\Desktop\Stm32\stm32f4\Test_LCD4\Middleware\ST\STemWin\Lib\STemWin540_CM4_GCC.a(GUI_DispString.o) (GUI__GetLineNumChars)
C:\Users\jcala\Desktop\Stm32\stm32f4\Test_LCD4\Middleware\ST\STemWin\Lib\STemWin540_CM4_GCC.a(GUI_Char.o)
[...]
Memory Configuration

Name             Origin             Length             Attributes
RAM              0x20000000         0x00030000         xrw
CCMRAM           0x10000000         0x00010000         rw
FLASH            0x08000000         0x00200000         xr
*default*        0x00000000         0xffffffff

Linker script and memory map

LOAD c:/program files (x86)/atollic/truestudio for stm32 9.0.0/armtools/bin/../lib/gcc/arm-atollic-eabi/6.3.1/armv7e-m/fpu/crti.o
LOAD c:/program files (x86)/atollic/truestudio for stm32 9.0.0/armtools/bin/../lib/gcc/arm-atollic-eabi/6.3.1/armv7e-m/fpu/crtbegin.o
LOAD Drivers\BSP\Components\ili9341\ili9341.o
LOAD Drivers\BSP\Components\stmpe811\stmpe811.o
LOAD Drivers\BSP\STM32F429I-Discovery\stm32f429i_discovery.o
LOAD Drivers\BSP\STM32F429I-Discovery\stm32f429i_discovery_eeprom.o
LOAD Drivers\BSP\STM32F429I-Discovery\stm32f429i_discovery_io.o
LOAD Drivers\BSP\STM32F429I-Discovery\stm32f429i_discovery_lcd.o
LOAD Drivers\BSP\STM32F429I-Discovery\stm32f429i_discovery_sdram.o
LOAD Drivers\BSP\STM32F429I-Discovery\stm32f429i_discovery_ts.o
LOAD Drivers\STM32F4xx_HAL_Driver\Src\stm32f4xx_hal.o
LOAD Drivers\STM32F4xx_HAL_Driver\Src\stm32f4xx_hal_cortex.o
LOAD Drivers\STM32F4xx_HAL_Driver\Src\stm32f4xx_hal_dma.o
LOAD Drivers\STM32F4xx_HAL_Driver\Src\stm32f4xx_hal_dma2d.o
LOAD Drivers\STM32F4xx_HAL_Driver\Src\stm32f4xx_hal_dma_ex.o
LOAD Drivers\STM32F4xx_HAL_Driver\Src\stm32f4xx_hal_dsi.o
LOAD Drivers\STM32F4xx_HAL_Driver\Src\stm32f4xx_hal_flash.o
LOAD Drivers\STM32F4xx_HAL_Driver\Src\stm32f4xx_hal_flash_ex.o
LOAD Drivers\STM32F4xx_HAL_Driver\Src\stm32f4xx_hal_flash_ramfunc.o
LOAD Drivers\STM32F4xx_HAL_Driver\Src\stm32f4xx_hal_gpio.o
LOAD Drivers\STM32F4xx_HAL_Driver\Src\stm32f4xx_hal_i2c.o
LOAD Drivers\STM32F4xx_HAL_Driver\Src\stm32f4xx_hal_i2c_ex.o
LOAD Drivers\STM32F4xx_HAL_Driver\Src\stm32f4xx_hal_ltdc.o
LOAD Drivers\STM32F4xx_HAL_Driver\Src\stm32f4xx_hal_ltdc_ex.o
LOAD Drivers\STM32F4xx_HAL_Driver\Src\stm32f4xx_hal_pwr.o
LOAD Drivers\STM32F4xx_HAL_Driver\Src\stm32f4xx_hal_pwr_ex.o
LOAD Drivers\STM32F4xx_HAL_Driver\Src\stm32f4xx_hal_rcc.o
LOAD Drivers\STM32F4xx_HAL_Driver\Src\stm32f4xx_hal_rcc_ex.o
LOAD Drivers\STM32F4xx_HAL_Driver\Src\stm32f4xx_hal_sdram.o
LOAD Drivers\STM32F4xx_HAL_Driver\Src\stm32f4xx_hal_spi.o
LOAD Drivers\STM32F4xx_HAL_Driver\Src\stm32f4xx_hal_tim.o
LOAD Drivers\STM32F4xx_HAL_Driver\Src\stm32f4xx_hal_tim_ex.o
LOAD Drivers\STM32F4xx_HAL_Driver\Src\stm32f4xx_ll_fmc.o
LOAD Src\GUIConf.o
LOAD Src\GUI_X.o
LOAD Src\LCDConf_stm32f429i_disco_MB1075.o
LOAD Src\main.o
LOAD Src\stm32f4xx_hal_msp.o
LOAD Src\stm32f4xx_it.o
LOAD Src\system_stm32f4xx.o
LOAD startup\startup_stm32f429xx.o
LOAD C:\Users\jcala\Desktop\Stm32\stm32f4\Test_LCD4\Middleware\ST\STemWin\Lib\STemWin540_CM4_GCC.a
                0x00000080                malloc_getpagesize_P = 0x80
START GROUP
LOAD c:/program files (x86)/atollic/truestudio for stm32 9.0.0/armtools/bin/../lib/gcc/arm-atollic-eabi/6.3.1/../../../../arm-atollic-eabi/lib/armv7e-m/fpu\libc_nano.a
LOAD c:/program files (x86)/atollic/truestudio for stm32 9.0.0/armtools/bin/../lib/gcc/arm-atollic-eabi/6.3.1/../../../../arm-atollic-eabi/lib/armv7e-m/fpu\libm.a
END GROUP
START GROUP
LOAD c:/program files (x86)/atollic/truestudio for stm32 9.0.0/armtools/bin/../lib/gcc/arm-atollic-eabi/6.3.1/armv7e-m/fpu\libgcc.a
LOAD c:/program files (x86)/atollic/truestudio for stm32 9.0.0/armtools/bin/../lib/gcc/arm-atollic-eabi/6.3.1/../../../../arm-atollic-eabi/lib/armv7e-m/fpu\libc_nano.a
END GROUP
START GROUP
LOAD c:/program files (x86)/atollic/truestudio for stm32 9.0.0/armtools/bin/../lib/gcc/arm-atollic-eabi/6.3.1/armv7e-m/fpu\libgcc.a
LOAD c:/program files (x86)/atollic/truestudio for stm32 9.0.0/armtools/bin/../lib/gcc/arm-atollic-eabi/6.3.1/../../../../arm-atollic-eabi/lib/armv7e-m/fpu\libc_nano.a
LOAD c:/program files (x86)/atollic/truestudio for stm32 9.0.0/armtools/bin/../lib/gcc/arm-atollic-eabi/6.3.1/../../../../arm-atollic-eabi/lib/armv7e-m/fpu\libnosys.a
END GROUP
START GROUP
LOAD c:/program files (x86)/atollic/truestudio for stm32 9.0.0/armtools/bin/../lib/gcc/arm-atollic-eabi/6.3.1/armv7e-m/fpu\libgcc.a
LOAD c:/program files (x86)/atollic/truestudio for stm32 9.0.0/armtools/bin/../lib/gcc/arm-atollic-eabi/6.3.1/../../../../arm-atollic-eabi/lib/armv7e-m/fpu\libc_nano.a
LOAD c:/program files (x86)/atollic/truestudio for stm32 9.0.0/armtools/bin/../lib/gcc/arm-atollic-eabi/6.3.1/../../../../arm-atollic-eabi/lib/armv7e-m/fpu\libnosys.a
END GROUP
LOAD c:/program files (x86)/atollic/truestudio for stm32 9.0.0/armtools/bin/../lib/gcc/arm-atollic-eabi/6.3.1/armv7e-m/fpu/crtend.o
LOAD c:/program files (x86)/atollic/truestudio for stm32 9.0.0/armtools/bin/../lib/gcc/arm-atollic-eabi/6.3.1/armv7e-m/fpu/crtn.o
                0x20030000                _estack = 0x20030000
                0x00000200                _Min_Heap_Size = 0x200
                0x00000400                _Min_Stack_Size = 0x400

.isr_vector     0x08000000      0x1ac
                0x08000000                . = ALIGN (0x4)
 *(.isr_vector)
 .isr_vector    0x08000000      0x1ac startup\startup_stm32f429xx.o
                0x08000000                g_pfnVectors
                0x080001ac                . = ALIGN (0x4)

.text           0x080001ac     0x8f3c
                0x080001ac                . = ALIGN (0x4)
 *(.text)
 .text          0x080001ac       0x40 c:/program files (x86)/atollic/truestudio for stm32 9.0.0/armtools/bin/../lib/gcc/arm-atollic-eabi/6.3.1/armv7e-m/fpu/crtbegin.o
 .text          0x080001ec       0x30 c:/program files (x86)/atollic/truestudio for stm32 9.0.0/armtools/bin/../lib/gcc/arm-atollic-eabi/6.3.1/armv7e-m/fpu\libgcc.a(_aeabi_uldivmod.o)
                0x080001ec                __aeabi_uldivmod
 .text          0x0800021c      0x2dc c:/program files (x86)/atollic/truestudio for stm32 9.0.0/armtools/bin/../lib/gcc/arm-atollic-eabi/6.3.1/armv7e-m/fpu\libgcc.a(_udivmoddi4.o)
                0x0800021c                __udivmoddi4
 .text          0x080004f8        0x4 c:/program files (x86)/atollic/truestudio for stm32 9.0.0/armtools/bin/../lib/gcc/arm-atollic-eabi/6.3.1/armv7e-m/fpu\libgcc.a(_dvmd_tls.o)
                0x080004f8                __aeabi_idiv0
                0x080004f8                __aeabi_ldiv0
 *(.text*)
 .text.ili9341_Init
                0x080004fc      0x292 Drivers\BSP\Components\ili9341\ili9341.o
                0x080004fc                ili9341_Init
 *fill*         0x0800078e        0x2 
 .text.SPIx_Init
                0x08000790       0x98 Drivers\BSP\STM32F429I-Discovery\stm32f429i_discovery.o
 .text.SPIx_Write
                0x08000828       0x30 Drivers\BSP\STM32F429I-Discovery\stm32f429i_discovery.o
 .text.LCD_IO_Init
                0x08000858       0xb8 Drivers\BSP\STM32F429I-Discovery\stm32f429i_discovery.o
                0x08000858                LCD_IO_Init
 .text.LCD_IO_WriteData
                0x08000910       0x38 Drivers\BSP\STM32F429I-Discovery\stm32f429i_discovery.o
                0x08000910                LCD_IO_WriteData
 .text.LCD_IO_WriteReg
                0x08000948       0x38 Drivers\BSP\STM32F429I-Discovery\stm32f429i_discovery.o
                0x08000948                LCD_IO_WriteReg
 .text.LCD_Delay
                0x08000980        0x4 Drivers\BSP\STM32F429I-Discovery\stm32f429i_discovery.o
                0x08000980                LCD_Delay
 .text.BSP_SDRAM_Initialization_sequence
                0x08000984       0x9c Drivers\BSP\STM32F429I-Discovery\stm32f429i_discovery_sdram.o
                0x08000984                BSP_SDRAM_Initialization_sequence
 .text.BSP_SDRAM_MspInit
                0x08000a20      0x190 Drivers\BSP\STM32F429I-Discovery\stm32f429i_discovery_sdram.o
                0x08000a20                BSP_SDRAM_MspInit
 .text.BSP_SDRAM_Init
                0x08000bb0       0x7c Drivers\BSP\STM32F429I-Discovery\stm32f429i_discovery_sdram.o
                0x08000bb0                BSP_SDRAM_Init
 .text.HAL_InitTick
                0x08000c2c       0x48 Drivers\STM32F4xx_HAL_Driver\Src\stm32f4xx_hal.o
                0x08000c2c                HAL_InitTick
 .text.HAL_Init
                0x08000c74       0x34 Drivers\STM32F4xx_HAL_Driver\Src\stm32f4xx_hal.o
                0x08000c74                HAL_Init
 .text.HAL_IncTick
                0x08000ca8       0x18 Drivers\STM32F4xx_HAL_Driver\Src\stm32f4xx_hal.o
                0x08000ca8                HAL_IncTick
 .text.HAL_GetTick
                0x08000cc0        0xc Drivers\STM32F4xx_HAL_Driver\Src\stm32f4xx_hal.o
                0x08000cc0                HAL_GetTick
 .text.HAL_Delay
                0x08000ccc       0x28 Drivers\STM32F4xx_HAL_Driver\Src\stm32f4xx_hal.o
                0x08000ccc                HAL_Delay
 .text.HAL_NVIC_SetPriorityGrouping
                0x08000cf4       0x24 Drivers\STM32F4xx_HAL_Driver\Src\stm32f4xx_hal_cortex.o
                0x08000cf4                HAL_NVIC_SetPriorityGrouping
 .text.HAL_NVIC_SetPriority
                0x08000d18       0x68 Drivers\STM32F4xx_HAL_Driver\Src\stm32f4xx_hal_cortex.o
                0x08000d18                HAL_NVIC_SetPriority
 .text.HAL_NVIC_EnableIRQ
                0x08000d80       0x18 Drivers\STM32F4xx_HAL_Driver\Src\stm32f4xx_hal_cortex.o
                0x08000d80                HAL_NVIC_EnableIRQ
 .text.HAL_SYSTICK_Config
                0x08000d98       0x2c Drivers\STM32F4xx_HAL_Driver\Src\stm32f4xx_hal_cortex.o
                0x08000d98                HAL_SYSTICK_Config
 .text.HAL_SYSTICK_CLKSourceConfig
                0x08000dc4       0x18 Drivers\STM32F4xx_HAL_Driver\Src\stm32f4xx_hal_cortex.o
                0x08000dc4                HAL_SYSTICK_CLKSourceConfig
 .text.HAL_SYSTICK_IRQHandler
                0x08000ddc        0x8 Drivers\STM32F4xx_HAL_Driver\Src\stm32f4xx_hal_cortex.o
                0x08000ddc                HAL_SYSTICK_IRQHandler
 .text.DMA_CalcBaseAndBitshift
                0x08000de4       0x2c Drivers\STM32F4xx_HAL_Driver\Src\stm32f4xx_hal_dma.o
 .text.HAL_DMA_Init
                0x08000e10       0xfc Drivers\STM32F4xx_HAL_Driver\Src\stm32f4xx_hal_dma.o
                0x08000e10                HAL_DMA_Init
 .text.HAL_DMA_DeInit
                0x08000f0c       0x48 Drivers\STM32F4xx_HAL_Driver\Src\stm32f4xx_hal_dma.o
                0x08000f0c                HAL_DMA_DeInit
 .text.HAL_DMA2D_Init
                0x08000f54       0x58 Drivers\STM32F4xx_HAL_Driver\Src\stm32f4xx_hal_dma2d.o
                0x08000f54                HAL_DMA2D_Init
 .text.HAL_DMA2D_ConfigLayer
                0x08000fac       0xa8 Drivers\STM32F4xx_HAL_Driver\Src\stm32f4xx_hal_dma2d.o
                0x08000fac                HAL_DMA2D_ConfigLayer
 .text.HAL_GPIO_Init
                0x08001054      0x1d8 Drivers\STM32F4xx_HAL_Driver\Src\stm32f4xx_hal_gpio.o
                0x08001054                HAL_GPIO_Init
 .text.HAL_GPIO_DeInit
                0x0800122c      0x148 Drivers\STM32F4xx_HAL_Driver\Src\stm32f4xx_hal_gpio.o
                0x0800122c                HAL_GPIO_DeInit
 .text.HAL_GPIO_WritePin
                0x08001374        0xa Drivers\STM32F4xx_HAL_Driver\Src\stm32f4xx_hal_gpio.o
                0x08001374                HAL_GPIO_WritePin
 *fill*         0x0800137e        0x2 
 .text.HAL_I2C_Init
                0x08001380       0xdc Drivers\STM32F4xx_HAL_Driver\Src\stm32f4xx_hal_i2c.o
                0x08001380                HAL_I2C_Init
 .text.LTDC_SetConfig
                0x0800145c      0x10c Drivers\STM32F4xx_HAL_Driver\Src\stm32f4xx_hal_ltdc.o
 .text.HAL_LTDC_Init
                0x08001568       0xd8 Drivers\STM32F4xx_HAL_Driver\Src\stm32f4xx_hal_ltdc.o
                0x08001568                HAL_LTDC_Init
 .text.HAL_LTDC_DeInit
                0x08001640       0x18 Drivers\STM32F4xx_HAL_Driver\Src\stm32f4xx_hal_ltdc.o
                0x08001640                HAL_LTDC_DeInit
 .text.HAL_LTDC_ConfigLayer
                0x08001658       0x52 Drivers\STM32F4xx_HAL_Driver\Src\stm32f4xx_hal_ltdc.o
                0x08001658                HAL_LTDC_ConfigLayer
 .text.HAL_LTDC_ConfigColorKeying
                0x080016aa       0x3a Drivers\STM32F4xx_HAL_Driver\Src\stm32f4xx_hal_ltdc.o
                0x080016aa                HAL_LTDC_ConfigColorKeying
 .text.HAL_LTDC_ConfigCLUT
                0x080016e4       0x76 Drivers\STM32F4xx_HAL_Driver\Src\stm32f4xx_hal_ltdc.o
                0x080016e4                HAL_LTDC_ConfigCLUT
 .text.HAL_LTDC_EnableColorKeying
                0x0800175a       0x30 Drivers\STM32F4xx_HAL_Driver\Src\stm32f4xx_hal_ltdc.o
                0x0800175a                HAL_LTDC_EnableColorKeying
 .text.HAL_LTDC_DisableColorKeying
                0x0800178a       0x30 Drivers\STM32F4xx_HAL_Driver\Src\stm32f4xx_hal_ltdc.o
                0x0800178a                HAL_LTDC_DisableColorKeying
 .text.HAL_LTDC_EnableCLUT
                0x080017ba       0x30 Drivers\STM32F4xx_HAL_Driver\Src\stm32f4xx_hal_ltdc.o
                0x080017ba                HAL_LTDC_EnableCLUT
 .text.HAL_LTDC_SetWindowPosition
                0x080017ea       0x52 Drivers\STM32F4xx_HAL_Driver\Src\stm32f4xx_hal_ltdc.o
                0x080017ea                HAL_LTDC_SetWindowPosition
 .text.HAL_LTDC_SetAlpha
                0x0800183c       0x40 Drivers\STM32F4xx_HAL_Driver\Src\stm32f4xx_hal_ltdc.o
                0x0800183c                HAL_LTDC_SetAlpha
 .text.HAL_LTDC_SetAddress
                0x0800187c       0x40 Drivers\STM32F4xx_HAL_Driver\Src\stm32f4xx_hal_ltdc.o
                0x0800187c                HAL_LTDC_SetAddress
 .text.HAL_LTDC_ProgramLineEvent
                0x080018bc       0x3c Drivers\STM32F4xx_HAL_Driver\Src\stm32f4xx_hal_ltdc.o
                0x080018bc                HAL_LTDC_ProgramLineEvent
 .text.HAL_PWREx_EnableOverDrive
                0x080018f8       0x78 Drivers\STM32F4xx_HAL_Driver\Src\stm32f4xx_hal_pwr_ex.o
                0x080018f8                HAL_PWREx_EnableOverDrive
 .text.HAL_RCC_OscConfig
                0x08001970      0x304 Drivers\STM32F4xx_HAL_Driver\Src\stm32f4xx_hal_rcc.o
                0x08001970                HAL_RCC_OscConfig
 .text.HAL_RCC_GetSysClockFreq
                0x08001c74       0x5c Drivers\STM32F4xx_HAL_Driver\Src\stm32f4xx_hal_rcc.o
                0x08001c74                HAL_RCC_GetSysClockFreq
 .text.HAL_RCC_ClockConfig
                0x08001cd0      0x134 Drivers\STM32F4xx_HAL_Driver\Src\stm32f4xx_hal_rcc.o
                0x08001cd0                HAL_RCC_ClockConfig
 .text.HAL_RCC_GetHCLKFreq
                0x08001e04        0xc Drivers\STM32F4xx_HAL_Driver\Src\stm32f4xx_hal_rcc.o
                0x08001e04                HAL_RCC_GetHCLKFreq
 .text.HAL_RCC_GetPCLK1Freq
                0x08001e10       0x20 Drivers\STM32F4xx_HAL_Driver\Src\stm32f4xx_hal_rcc.o
                0x08001e10                HAL_RCC_GetPCLK1Freq
 .text.HAL_RCCEx_PeriphCLKConfig
                0x08001e30      0x230 Drivers\STM32F4xx_HAL_Driver\Src\stm32f4xx_hal_rcc_ex.o
                0x08001e30                HAL_RCCEx_PeriphCLKConfig
 .text.HAL_SDRAM_Init
                0x08002060       0x40 Drivers\STM32F4xx_HAL_Driver\Src\stm32f4xx_hal_sdram.o
                0x08002060                HAL_SDRAM_Init
 .text.HAL_SDRAM_SendCommand
                0x080020a0       0x2e Drivers\STM32F4xx_HAL_Driver\Src\stm32f4xx_hal_sdram.o
                0x080020a0                HAL_SDRAM_SendCommand
 .text.HAL_SDRAM_ProgramRefreshRate
                0x080020ce       0x24 Drivers\STM32F4xx_HAL_Driver\Src\stm32f4xx_hal_sdram.o
                0x080020ce                HAL_SDRAM_ProgramRefreshRate
 .text.SPI_WaitFlagStateUntilTimeout
                0x080020f2       0x8e Drivers\STM32F4xx_HAL_Driver\Src\stm32f4xx_hal_spi.o
 .text.SPI_CheckFlag_BSY
                0x08002180       0x20 Drivers\STM32F4xx_HAL_Driver\Src\stm32f4xx_hal_spi.o
 .text.HAL_SPI_Init
                0x080021a0       0x7a Drivers\STM32F4xx_HAL_Driver\Src\stm32f4xx_hal_spi.o
                0x080021a0                HAL_SPI_Init
 .text.HAL_SPI_DeInit
                0x0800221a       0x2c Drivers\STM32F4xx_HAL_Driver\Src\stm32f4xx_hal_spi.o
                0x0800221a                HAL_SPI_DeInit
 .text.HAL_SPI_Transmit
                0x08002246      0x152 Drivers\STM32F4xx_HAL_Driver\Src\stm32f4xx_hal_spi.o
                0x08002246                HAL_SPI_Transmit
 .text.HAL_SPI_GetState
                0x08002398        0x6 Drivers\STM32F4xx_HAL_Driver\Src\stm32f4xx_hal_spi.o
                0x08002398                HAL_SPI_GetState
 .text.FMC_SDRAM_Init
                0x0800239e       0x7e Drivers\STM32F4xx_HAL_Driver\Src\stm32f4xx_ll_fmc.o
                0x0800239e                FMC_SDRAM_Init
 .text.FMC_SDRAM_Timing_Init
                0x0800241c       0x90 Drivers\STM32F4xx_HAL_Driver\Src\stm32f4xx_ll_fmc.o
                0x0800241c                FMC_SDRAM_Timing_Init
 .text.FMC_SDRAM_SendCommand
                0x080024ac       0x4a Drivers\STM32F4xx_HAL_Driver\Src\stm32f4xx_ll_fmc.o
                0x080024ac                FMC_SDRAM_SendCommand
 .text.FMC_SDRAM_ProgramRefreshRate
                0x080024f6        0xc Drivers\STM32F4xx_HAL_Driver\Src\stm32f4xx_ll_fmc.o
                0x080024f6                FMC_SDRAM_ProgramRefreshRate
 *fill*         0x08002502        0x2 
 .text.GUI_X_Config
                0x08002504       0x20 Src\GUIConf.o
                0x08002504                GUI_X_Config
 .text.GUI_X_Init
                0x08002524        0x2 Src\GUI_X.o
                0x08002524                GUI_X_Init
 .text.Color2IndexBulk_M8888IDMA2D
                0x08002526        0x4 Src\LCDConf_stm32f429i_disco_MB1075.o
 .text.Index2ColorBulk_M8888IDMA2D
                0x0800252a        0x4 Src\LCDConf_stm32f429i_disco_MB1075.o
 .text.Color2IndexBulk_M888DMA2D
                0x0800252e        0xe Src\LCDConf_stm32f429i_disco_MB1075.o
 .text.Index2ColorBulk_M888DMA2D
                0x0800253c        0xe Src\LCDConf_stm32f429i_disco_MB1075.o
 .text.Color2IndexBulk_M565DMA2D
                0x0800254a        0xe Src\LCDConf_stm32f429i_disco_MB1075.o
 .text.Index2ColorBulk_M565DMA2D
                0x08002558        0xe Src\LCDConf_stm32f429i_disco_MB1075.o
 .text.Color2IndexBulk_M1555IDMA2D
                0x08002566        0xe Src\LCDConf_stm32f429i_disco_MB1075.o
 .text.Index2ColorBulk_M1555IDMA2D
                0x08002574        0xe Src\LCDConf_stm32f429i_disco_MB1075.o
 .text.Color2IndexBulk_M4444IDMA2D
                0x08002582        0xe Src\LCDConf_stm32f429i_disco_MB1075.o
 .text.Index2ColorBulk_M4444IDMA2D
                0x08002590        0xe Src\LCDConf_stm32f429i_disco_MB1075.o
 *fill*         0x0800259e        0x2 
 .text.LCD_X_Config
                0x080025a0      0x1f4 Src\LCDConf_stm32f429i_disco_MB1075.o
                0x080025a0                LCD_X_Config
 .text.LCD_X_DisplayDriver
                0x08002794      0x1e8 Src\LCDConf_stm32f429i_disco_MB1075.o
                0x08002794                LCD_X_DisplayDriver
 .text.LCD_LL_GetPixelformat
                0x0800297c       0x7c Src\LCDConf_stm32f429i_disco_MB1075.o
 .text.DMA2D_CopyBuffer
                0x080029f8       0x40 Src\LCDConf_stm32f429i_disco_MB1075.o
 .text.GetBufferSize
                0x08002a38       0x18 Src\LCDConf_stm32f429i_disco_MB1075.o
 .text.CUSTOM_CopyBuffer
                0x08002a50       0x3c Src\LCDConf_stm32f429i_disco_MB1075.o
 .text.CUSTOM_CopyRect
                0x08002a8c       0x4c Src\LCDConf_stm32f429i_disco_MB1075.o
 .text.CUSTOM_FillRect
                0x08002ad8       0xbc Src\LCDConf_stm32f429i_disco_MB1075.o
 .text.DMA2D_LoadLUT
                0x08002b94       0x20 Src\LCDConf_stm32f429i_disco_MB1075.o
 .text.InvertAlpha_SwapRB
                0x08002bb4       0x2a Src\LCDConf_stm32f429i_disco_MB1075.o
 .text.InvertAlpha
                0x08002bde       0x12 Src\LCDConf_stm32f429i_disco_MB1075.o
 .text.DMA2D_AlphaBlendingBulk
                0x08002bf0       0x3c Src\LCDConf_stm32f429i_disco_MB1075.o
 .text.DMA2D_MixColors
                0x08002c2c       0xa8 Src\LCDConf_stm32f429i_disco_MB1075.o
 .text.DMA2D_ConvertColor
                0x08002cd4       0x70 Src\LCDConf_stm32f429i_disco_MB1075.o
 .text._LCD_GetpPalConvTable
                0x08002d44       0x8c Src\LCDConf_stm32f429i_disco_MB1075.o
 .text.DMA2D_MixColorsBulk
                0x08002dd0       0x80 Src\LCDConf_stm32f429i_disco_MB1075.o
 .text.DMA2D_AlphaBlending
                0x08002e50       0x4c Src\LCDConf_stm32f429i_disco_MB1075.o
 .text.DMA2D_Index2ColorBulk
                0x08002e9c       0x34 Src\LCDConf_stm32f429i_disco_MB1075.o
 .text.DMA2D_Color2IndexBulk
                0x08002ed0       0x34 Src\LCDConf_stm32f429i_disco_MB1075.o
 .text.LCD_MixColorsBulk
                0x08002f04       0x94 Src\LCDConf_stm32f429i_disco_MB1075.o
 .text.DMA2D_DrawBitmapL8
                0x08002f98       0x70 Src\LCDConf_stm32f429i_disco_MB1075.o
 .text.BSP_LCD_DrawBitmap16bpp
                0x08003008       0xd0 Src\LCDConf_stm32f429i_disco_MB1075.o
 .text.BSP_LCD_DrawBitmap8bpp
                0x080030d8       0xd0 Src\LCDConf_stm32f429i_disco_MB1075.o
 .text.HAL_SYSTICK_Callback
                0x080031a8       0x10 Src\main.o
                0x080031a8                HAL_SYSTICK_Callback
 .text.SystemClock_Config
                0x080031b8       0xd0 Src\main.o
                0x080031b8                SystemClock_Config
 .text.startup.main
                0x08003288      0x3c8 Src\main.o
                0x08003288                main
 .text.HAL_MspInit
                0x08003650       0x60 Src\stm32f4xx_hal_msp.o
                0x08003650                HAL_MspInit
 .text.HAL_DMA2D_MspInit
                0x080036b0       0x30 Src\stm32f4xx_hal_msp.o
                0x080036b0                HAL_DMA2D_MspInit
 .text.HAL_I2C_MspInit
                0x080036e0       0x70 Src\stm32f4xx_hal_msp.o
                0x080036e0                HAL_I2C_MspInit
 .text.HAL_LTDC_MspInit
                0x08003750       0xf8 Src\stm32f4xx_hal_msp.o
                0x08003750                HAL_LTDC_MspInit
 .text.HAL_LTDC_MspDeInit
                0x08003848       0x74 Src\stm32f4xx_hal_msp.o
                0x08003848                HAL_LTDC_MspDeInit
 .text.HAL_SPI_MspInit
                0x080038bc       0x50 Src\stm32f4xx_hal_msp.o
                0x080038bc                HAL_SPI_MspInit
 .text.HAL_SPI_MspDeInit
                0x0800390c       0x2c Src\stm32f4xx_hal_msp.o
                0x0800390c                HAL_SPI_MspDeInit
 .text.HAL_SDRAM_MspInit
                0x08003938       0xd8 Src\stm32f4xx_hal_msp.o
                0x08003938                HAL_SDRAM_MspInit
 .text.SysTick_Handler
                0x08003a10        0xe Src\stm32f4xx_it.o
                0x08003a10                SysTick_Handler
 *fill*         0x08003a1e        0x2 
 .text.SystemInit
                0x08003a20       0x4c Src\system_stm32f4xx.o
                0x08003a20                SystemInit
 .text.Reset_Handler
                0x08003a6c       0x50 startup\startup_stm32f429xx.o
                0x08003a6c                Reset_Handler
 .text.Default_Handler
                0x08003abc        0x2 startup\startup_stm32f429xx.o
                0x08003abc                RTC_Alarm_IRQHandler
                0x08003abc                HASH_RNG_IRQHandler
                0x08003abc                EXTI2_IRQHandler
                0x08003abc                TIM8_CC_IRQHandler
                0x08003abc                DebugMon_Handler
                0x08003abc                UART8_IRQHandler
                0x08003abc                SPI4_IRQHandler
                0x08003abc                TIM1_CC_IRQHandler
                0x08003abc                DMA2_Stream5_IRQHandler
                0x08003abc                HardFault_Handler
                0x08003abc                DMA1_Stream5_IRQHandler
                0x08003abc                PVD_IRQHandler
                0x08003abc                SDIO_IRQHandler
                0x08003abc                TAMP_STAMP_IRQHandler
                0x08003abc                PendSV_Handler
                0x08003abc                NMI_Handler
                0x08003abc                CAN2_RX1_IRQHandler
                0x08003abc                EXTI3_IRQHandler
                0x08003abc                TIM8_TRG_COM_TIM14_IRQHandler
                0x08003abc                TIM1_UP_TIM10_IRQHandler
                0x08003abc                TIM8_UP_TIM13_IRQHandler
                0x08003abc                I2C3_ER_IRQHandler
                0x08003abc                EXTI0_IRQHandler
                0x08003abc                I2C2_EV_IRQHandler
                0x08003abc                DMA1_Stream2_IRQHandler
                0x08003abc                CAN1_RX0_IRQHandler
                0x08003abc                FPU_IRQHandler
                0x08003abc                OTG_HS_WKUP_IRQHandler
                0x08003abc                UsageFault_Handler
                0x08003abc                LTDC_ER_IRQHandler
                0x08003abc                CAN2_SCE_IRQHandler
                0x08003abc                DMA2_Stream2_IRQHandler
                0x08003abc                SPI1_IRQHandler
                0x08003abc                TIM6_DAC_IRQHandler
                0x08003abc                TIM1_BRK_TIM9_IRQHandler
                0x08003abc                DCMI_IRQHandler
                0x08003abc                CAN2_RX0_IRQHandler
                0x08003abc                DMA2_Stream3_IRQHandler
                0x08003abc                USART6_IRQHandler
                0x08003abc                USART3_IRQHandler
                0x08003abc                CAN1_RX1_IRQHandler
                0x08003abc                UART5_IRQHandler
                0x08003abc                DMA2_Stream0_IRQHandler
                0x08003abc                TIM4_IRQHandler
                0x08003abc                I2C1_EV_IRQHandler
                0x08003abc                DMA1_Stream6_IRQHandler
                0x08003abc                DMA1_Stream1_IRQHandler
                0x08003abc                UART4_IRQHandler
                0x08003abc                TIM3_IRQHandler
                0x08003abc                RCC_IRQHandler
                0x08003abc                TIM8_BRK_TIM12_IRQHandler
                0x08003abc                Default_Handler
                0x08003abc                EXTI15_10_IRQHandler
                0x08003abc                ADC_IRQHandler
                0x08003abc                DMA1_Stream7_IRQHandler
                0x08003abc                SPI5_IRQHandler
                0x08003abc                TIM7_IRQHandler
                0x08003abc                CAN2_TX_IRQHandler
                0x08003abc                TIM5_IRQHandler
                0x08003abc                DMA2_Stream7_IRQHandler
                0x08003abc                I2C3_EV_IRQHandler
                0x08003abc                EXTI9_5_IRQHandler
                0x08003abc                RTC_WKUP_IRQHandler
                0x08003abc                LTDC_IRQHandler
                0x08003abc                ETH_WKUP_IRQHandler
                0x08003abc                SPI2_IRQHandler
                0x08003abc                OTG_HS_EP1_IN_IRQHandler
                0x08003abc                MemManage_Handler
                0x08003abc                DMA1_Stream0_IRQHandler
                0x08003abc                CAN1_TX_IRQHandler
                0x08003abc                SVC_Handler
                0x08003abc                EXTI4_IRQHandler
                0x08003abc                ETH_IRQHandler
                0x08003abc                OTG_HS_EP1_OUT_IRQHandler
                0x08003abc                WWDG_IRQHandler
                0x08003abc                SPI6_IRQHandler
                0x08003abc                TIM2_IRQHandler
                0x08003abc                OTG_FS_WKUP_IRQHandler
                0x08003abc                TIM1_TRG_COM_TIM11_IRQHandler
                0x08003abc                OTG_HS_IRQHandler
                0x08003abc                DMA2D_IRQHandler
                0x08003abc                EXTI1_IRQHandler
                0x08003abc                UART7_IRQHandler
                0x08003abc                USART2_IRQHandler
                0x08003abc                I2C2_ER_IRQHandler
                0x08003abc                DMA2_Stream1_IRQHandler
                0x08003abc                CAN1_SCE_IRQHandler
                0x08003abc                FLASH_IRQHandler
                0x08003abc                DMA2_Stream4_IRQHandler
                0x08003abc                BusFault_Handler
                0x08003abc                USART1_IRQHandler
                0x08003abc                OTG_FS_IRQHandler
                0x08003abc                SPI3_IRQHandler
                0x08003abc                DMA1_Stream4_IRQHandler
                0x08003abc                I2C1_ER_IRQHandler
                0x08003abc                FMC_IRQHandler
                0x08003abc                DMA2_Stream6_IRQHandler
                0x08003abc                SAI1_IRQHandler
                0x08003abc                DMA1_Stream3_IRQHandler
 .text._GetRect
                0x08003abe       0x16 C:\Users\jcala\Desktop\Stm32\stm32f4\Test_LCD4\Middleware\ST\STemWin\Lib\STemWin540_CM4_GCC.a(GUIDRV_Lin_32.o)
 .text._SetPixelIndex
                0x08003ad4       0x12 C:\Users\jcala\Desktop\Stm32\stm32f4\Test_LCD4\Middleware\ST\STemWin\Lib\STemWin540_CM4_GCC.a(GUIDRV_Lin_32.o)
 .text._GetPixelIndex
                0x08003ae6       0x10 C:\Users\jcala\Desktop\Stm32\stm32f4\Test_LCD4\Middleware\ST\STemWin\Lib\STemWin540_CM4_GCC.a(GUIDRV_Lin_32.o)
 .text._XorPixel
                0x08003af6       0x28 C:\Users\jcala\Desktop\Stm32\stm32f4\Test_LCD4\Middleware\ST\STemWin\Lib\STemWin540_CM4_GCC.a(GUIDRV_Lin_32.o)
 *fill*         0x08003b1e        0x2 
 .text._FillRect
                0x08003b20      0x124 C:\Users\jcala\Desktop\Stm32\stm32f4\Test_LCD4\Middleware\ST\STemWin\Lib\STemWin540_CM4_GCC.a(GUIDRV_Lin_32.o)
 .text._DrawHLine
                0x08003c44        0xe C:\Users\jcala\Desktop\Stm32\stm32f4\Test_LCD4\Middleware\ST\STemWin\Lib\STemWin540_CM4_GCC.a(GUIDRV_Lin_32.o)
 .text._DrawVLine
                0x08003c52       0x10 C:\Users\jcala\Desktop\Stm32\stm32f4\Test_LCD4\Middleware\ST\STemWin\Lib\STemWin540_CM4_GCC.a(GUIDRV_Lin_32.o)
 .text._GetDevProp
                0x08003c62       0x3c C:\Users\jcala\Desktop\Stm32\stm32f4\Test_LCD4\Middleware\ST\STemWin\Lib\STemWin540_CM4_GCC.a(GUIDRV_Lin_32.o)
 *fill*         0x08003c9e        0x2 
 .text._GetDevData
                0x08003ca0       0x10 C:\Users\jcala\Desktop\Stm32\stm32f4\Test_LCD4\Middleware\ST\STemWin\Lib\STemWin540_CM4_GCC.a(GUIDRV_Lin_32.o)
 .text._ReadRect
                0x08003cb0       0x5e C:\Users\jcala\Desktop\Stm32\stm32f4\Test_LCD4\Middleware\ST\STemWin\Lib\STemWin540_CM4_GCC.a(GUIDRV_Lin_32.o)
 *fill*         0x08003d0e        0x2 
 .text._GetDevFunc
                0x08003d10       0xdc C:\Users\jcala\Desktop\Stm32\stm32f4\Test_LCD4\Middleware\ST\STemWin\Lib\STemWin540_CM4_GCC.a(GUIDRV_Lin_32.o)
 .text._SetChroma
                0x08003dec       0x16 C:\Users\jcala\Desktop\Stm32\stm32f4\Test_LCD4\Middleware\ST\STemWin\Lib\STemWin540_CM4_GCC.a(GUIDRV_Lin_32.o)
 .text._SetChromaMode
                0x08003e02       0x16 C:\Users\jcala\Desktop\Stm32\stm32f4\Test_LCD4\Middleware\ST\STemWin\Lib\STemWin540_CM4_GCC.a(GUIDRV_Lin_32.o)
 .text._SetAlphaMode
                0x08003e18       0x16 C:\Users\jcala\Desktop\Stm32\stm32f4\Test_LCD4\Middleware\ST\STemWin\Lib\STemWin540_CM4_GCC.a(GUIDRV_Lin_32.o)
 .text._Off     0x08003e2e        0xa C:\Users\jcala\Desktop\Stm32\stm32f4\Test_LCD4\Middleware\ST\STemWin\Lib\STemWin540_CM4_GCC.a(GUIDRV_Lin_32.o)
 .text._On      0x08003e38        0xa C:\Users\jcala\Desktop\Stm32\stm32f4\Test_LCD4\Middleware\ST\STemWin\Lib\STemWin540_CM4_GCC.a(GUIDRV_Lin_32.o)
 .text._SetOrg  0x08003e42       0x94 C:\Users\jcala\Desktop\Stm32\stm32f4\Test_LCD4\Middleware\ST\STemWin\Lib\STemWin540_CM4_GCC.a(GUIDRV_Lin_32.o)
 *fill*         0x08003ed6        0x2 
 .text._DrawBitmap
                0x08003ed8      0x48c C:\Users\jcala\Desktop\Stm32\stm32f4\Test_LCD4\Middleware\ST\STemWin\Lib\STemWin540_CM4_GCC.a(GUIDRV_Lin_32.o)
 .text._InitOnce.isra.4
                0x08004364       0x24 C:\Users\jcala\Desktop\Stm32\stm32f4\Test_LCD4\Middleware\ST\STemWin\Lib\STemWin540_CM4_GCC.a(GUIDRV_Lin_32.o)
 .text._SetDevFunc
                0x08004388       0x4c C:\Users\jcala\Desktop\Stm32\stm32f4\Test_LCD4\Middleware\ST\STemWin\Lib\STemWin540_CM4_GCC.a(GUIDRV_Lin_32.o)
 .text._CopyBuffer
                0x080043d4       0x58 C:\Users\jcala\Desktop\Stm32\stm32f4\Test_LCD4\Middleware\ST\STemWin\Lib\STemWin540_CM4_GCC.a(GUIDRV_Lin_32.o)
 .text._GetPos  0x0800442c       0x1c C:\Users\jcala\Desktop\Stm32\stm32f4\Test_LCD4\Middleware\ST\STemWin\Lib\STemWin540_CM4_GCC.a(GUIDRV_Lin_32.o)
 .text._ShowBuffer
                0x08004448       0x26 C:\Users\jcala\Desktop\Stm32\stm32f4\Test_LCD4\Middleware\ST\STemWin\Lib\STemWin540_CM4_GCC.a(GUIDRV_Lin_32.o)
 .text._Init    0x0800446e       0x1a C:\Users\jcala\Desktop\Stm32\stm32f4\Test_LCD4\Middleware\ST\STemWin\Lib\STemWin540_CM4_GCC.a(GUIDRV_Lin_32.o)
 .text._SetVis  0x08004488       0x28 C:\Users\jcala\Desktop\Stm32\stm32f4\Test_LCD4\Middleware\ST\STemWin\Lib\STemWin540_CM4_GCC.a(GUIDRV_Lin_32.o)
 .text._SetAlpha
                0x080044b0       0x28 C:\Users\jcala\Desktop\Stm32\stm32f4\Test_LCD4\Middleware\ST\STemWin\Lib\STemWin540_CM4_GCC.a(GUIDRV_Lin_32.o)
 .text._SetVRAMAddr
                0x080044d8       0x2a C:\Users\jcala\Desktop\Stm32\stm32f4\Test_LCD4\Middleware\ST\STemWin\Lib\STemWin540_CM4_GCC.a(GUIDRV_Lin_32.o)
 .text._SetPos  0x08004502       0xfc C:\Users\jcala\Desktop\Stm32\stm32f4\Test_LCD4\Middleware\ST\STemWin\Lib\STemWin540_CM4_GCC.a(GUIDRV_Lin_32.o)
 .text._SetSize
                0x080045fe       0x42 C:\Users\jcala\Desktop\Stm32\stm32f4\Test_LCD4\Middleware\ST\STemWin\Lib\STemWin540_CM4_GCC.a(GUIDRV_Lin_32.o)
 .text._SetVSize
                0x08004640       0x26 C:\Users\jcala\Desktop\Stm32\stm32f4\Test_LCD4\Middleware\ST\STemWin\Lib\STemWin540_CM4_GCC.a(GUIDRV_Lin_32.o)
 .text.LCD_SetVRAMAddrEx
                0x08004666       0x2c C:\Users\jcala\Desktop\Stm32\stm32f4\Test_LCD4\Middleware\ST\STemWin\Lib\STemWin540_CM4_GCC.a(LCD_Set.o)
                0x08004666                LCD_SetVRAMAddrEx
 .text.LCD_SetVSizeEx
                0x08004692       0x30 C:\Users\jcala\Desktop\Stm32\stm32f4\Test_LCD4\Middleware\ST\STemWin\Lib\STemWin540_CM4_GCC.a(LCD_Set.o)
                0x08004692                LCD_SetVSizeEx
 .text.LCD_SetSizeEx
                0x080046c2       0x30 C:\Users\jcala\Desktop\Stm32\stm32f4\Test_LCD4\Middleware\ST\STemWin\Lib\STemWin540_CM4_GCC.a(LCD_Set.o)
                0x080046c2                LCD_SetSizeEx
 .text.LCD_SetLUTEntryEx
                0x080046f2       0x30 C:\Users\jcala\Desktop\Stm32\stm32f4\Test_LCD4\Middleware\ST\STemWin\Lib\STemWin540_CM4_GCC.a(LCD_Set.o)
                0x080046f2                LCD_SetLUTEntryEx
 .text.LCD_GetPosEx
                0x08004722       0x30 C:\Users\jcala\Desktop\Stm32\stm32f4\Test_LCD4\Middleware\ST\STemWin\Lib\STemWin540_CM4_GCC.a(LCD_Set.o)
                0x08004722                LCD_GetPosEx
 .text.LCD_SetDevFunc
                0x08004752       0x30 C:\Users\jcala\Desktop\Stm32\stm32f4\Test_LCD4\Middleware\ST\STemWin\Lib\STemWin540_CM4_GCC.a(LCD_Set.o)
                0x08004752                LCD_SetDevFunc
 .text._GetDevProp
                0x08004782       0x1e C:\Users\jcala\Desktop\Stm32\stm32f4\Test_LCD4\Middleware\ST\STemWin\Lib\STemWin540_CM4_GCC.a(LCD_GetEx.o)
 .text._GetMaxValue
                0x080047a0       0x22 C:\Users\jcala\Desktop\Stm32\stm32f4\Test_LCD4\Middleware\ST\STemWin\Lib\STemWin540_CM4_GCC.a(LCD_GetEx.o)
 .text.LCD_GetBitsPerPixelEx
                0x080047c2        0x6 C:\Users\jcala\Desktop\Stm32\stm32f4\Test_LCD4\Middleware\ST\STemWin\Lib\STemWin540_CM4_GCC.a(LCD_GetEx.o)
                0x080047c2                LCD_GetBitsPerPixelEx
 .text.LCD_GetNumColorsEx
                0x080047c8        0x6 C:\Users\jcala\Desktop\Stm32\stm32f4\Test_LCD4\Middleware\ST\STemWin\Lib\STemWin540_CM4_GCC.a(LCD_GetEx.o)
                0x080047c8                LCD_GetNumColorsEx
 .text.LCD_GetMirrorXEx
                0x080047ce        0x6 C:\Users\jcala\Desktop\Stm32\stm32f4\Test_LCD4\Middleware\ST\STemWin\Lib\STemWin540_CM4_GCC.a(LCD_GetEx.o)
                0x080047ce                LCD_GetMirrorXEx
 .text.LCD_GetMirrorYEx
                0x080047d4        0x6 C:\Users\jcala\Desktop\Stm32\stm32f4\Test_LCD4\Middleware\ST\STemWin\Lib\STemWin540_CM4_GCC.a(LCD_GetEx.o)
                0x080047d4                LCD_GetMirrorYEx
 .text.LCD_GetSwapXYEx
                0x080047da        0x6 C:\Users\jcala\Desktop\Stm32\stm32f4\Test_LCD4\Middleware\ST\STemWin\Lib\STemWin540_CM4_GCC.a(LCD_GetEx.o)
                0x080047da                LCD_GetSwapXYEx
 .text.LCD_GetNumColors
                0x080047e0       0x10 C:\Users\jcala\Desktop\Stm32\stm32f4\Test_LCD4\Middleware\ST\STemWin\Lib\STemWin540_CM4_GCC.a(LCD_GetEx.o)
                0x080047e0                LCD_GetNumColors
 .text.GUI_GetBitsPerPixelEx
                0x080047f0       0x18 C:\Users\jcala\Desktop\Stm32\stm32f4\Test_LCD4\Middleware\ST\STemWin\Lib\STemWin540_CM4_GCC.a(LCD_GetEx.o)
                0x080047f0                GUI_GetBitsPerPixelEx
 .text.LCD_GetDevFunc
                0x08004808       0x18 C:\Users\jcala\Desktop\Stm32\stm32f4\Test_LCD4\Middleware\ST\STemWin\Lib\STemWin540_CM4_GCC.a(LCD_GetEx.o)
                0x08004808                LCD_GetDevFunc
 .text.LCD_GetPaletteEx
                0x08004820       0x14 C:\Users\jcala\Desktop\Stm32\stm32f4\Test_LCD4\Middleware\ST\STemWin\Lib\STemWin540_CM4_GCC.a(LCD_GetEx.o)
                0x08004820                LCD_GetPaletteEx
 .text.LCD_GetPalette
                0x08004834       0x10 C:\Users\jcala\Desktop\Stm32\stm32f4\Test_LCD4\Middleware\ST\STemWin\Lib\STemWin540_CM4_GCC.a(LCD_GetEx.o)
                0x08004834                LCD_GetPalette
 .text.GUI_GetpfIndex2ColorEx
                0x08004844       0x10 C:\Users\jcala\Desktop\Stm32\stm32f4\Test_LCD4\Middleware\ST\STemWin\Lib\STemWin540_CM4_GCC.a(LCD_GetEx.o)
                0x08004844                GUI_GetpfIndex2ColorEx
 .text.LCD_GetXSizeMax
                0x08004854        0x6 C:\Users\jcala\Desktop\Stm32\stm32f4\Test_LCD4\Middleware\ST\STemWin\Lib\STemWin540_CM4_GCC.a(LCD_GetEx.o)
                0x08004854                LCD_GetXSizeMax
 .text.LCD_GetYSizeMax
                0x0800485a        0x6 C:\Users\jcala\Desktop\Stm32\stm32f4\Test_LCD4\Middleware\ST\STemWin\Lib\STemWin540_CM4_GCC.a(LCD_GetEx.o)
                0x0800485a                LCD_GetYSizeMax
 .text.LCD_GetVXSizeMax
                0x08004860        0x6 C:\Users\jcala\Desktop\Stm32\stm32f4\Test_LCD4\Middleware\ST\STemWin\Lib\STemWin540_CM4_GCC.a(LCD_GetEx.o)
                0x08004860                LCD_GetVXSizeMax
 *fill*         0x08004866        0x2 
 .text.LCD_SetDisplaySize
                0x08004868       0x14 C:\Users\jcala\Desktop\Stm32\stm32f4\Test_LCD4\Middleware\ST\STemWin\Lib\STemWin540_CM4_GCC.a(LCD_GetEx.o)
                0x08004868                LCD_SetDisplaySize
 .text.LCD_GetXSizeDisplay
                0x0800487c        0xc C:\Users\jcala\Desktop\Stm32\stm32f4\Test_LCD4\Middleware\ST\STemWin\Lib\STemWin540_CM4_GCC.a(LCD_GetEx.o)
                0x0800487c                LCD_GetXSizeDisplay
 .text.LCD_GetYSizeDisplay
                0x08004888        0xc C:\Users\jcala\Desktop\Stm32\stm32f4\Test_LCD4\Middleware\ST\STemWin\Lib\STemWin540_CM4_GCC.a(LCD_GetEx.o)
                0x08004888                LCD_GetYSizeDisplay
 .text._OnExit  0x08004894       0x1c C:\Users\jcala\Desktop\Stm32\stm32f4\Test_LCD4\Middleware\ST\STemWin\Lib\STemWin540_CM4_GCC.a(LCD_Color.o)
 .text.LCD_InitColors
                0x080048b0       0x38 C:\Users\jcala\Desktop\Stm32\stm32f4\Test_LCD4\Middleware\ST\STemWin\Lib\STemWin540_CM4_GCC.a(LCD_Color.o)
                0x080048b0                LCD_InitColors
 .text.LCD_GetpPalConvTableUncached
                0x080048e8       0x6c C:\Users\jcala\Desktop\Stm32\stm32f4\Test_LCD4\Middleware\ST\STemWin\Lib\STemWin540_CM4_GCC.a(LCD_Color.o)
                0x080048e8                LCD_GetpPalConvTableUncached
 .text.LCD_GetpPalConvTable
                0x08004954        0x4 C:\Users\jcala\Desktop\Stm32\stm32f4\Test_LCD4\Middleware\ST\STemWin\Lib\STemWin540_CM4_GCC.a(LCD_Color.o)
                0x08004954                LCD_GetpPalConvTable
 .text.LCD_GetpPalConvTableBM
                0x08004958        0x4 C:\Users\jcala\Desktop\Stm32\stm32f4\Test_LCD4\Middleware\ST\STemWin\Lib\STemWin540_CM4_GCC.a(LCD_Color.o)
                0x08004958                LCD_GetpPalConvTableBM
 .text.LCD_InitLUT
                0x0800495c       0x7c C:\Users\jcala\Desktop\Stm32\stm32f4\Test_LCD4\Middleware\ST\STemWin\Lib\STemWin540_CM4_GCC.a(LCD_Color.o)
                0x0800495c                LCD_InitLUT
 .text._SetDrawMode
                0x080049d8       0x28 C:\Users\jcala\Desktop\Stm32\stm32f4\Test_LCD4\Middleware\ST\STemWin\Lib\STemWin540_CM4_GCC.a(LCD.o)
 .text.LCD_SetDrawMode
                0x08004a00       0x10 C:\Users\jcala\Desktop\Stm32\stm32f4\Test_LCD4\Middleware\ST\STemWin\Lib\STemWin540_CM4_GCC.a(LCD.o)
                0x08004a00                LCD_SetDrawMode
 .text.LCD_DrawPixel
                0x08004a10       0x5c C:\Users\jcala\Desktop\Stm32\stm32f4\Test_LCD4\Middleware\ST\STemWin\Lib\STemWin540_CM4_GCC.a(LCD.o)
                0x08004a10                LCD_DrawPixel
 .text.LCD_DrawHLine
                0x08004a6c       0x4c C:\Users\jcala\Desktop\Stm32\stm32f4\Test_LCD4\Middleware\ST\STemWin\Lib\STemWin540_CM4_GCC.a(LCD.o)
                0x08004a6c                LCD_DrawHLine
 .text.LCD_FillRect
                0x08004ab8       0x58 C:\Users\jcala\Desktop\Stm32\stm32f4\Test_LCD4\Middleware\ST\STemWin\Lib\STemWin540_CM4_GCC.a(LCD.o)
                0x08004ab8                LCD_FillRect
 .text.LCD_DrawBitmap
                0x08004b10      0x218 C:\Users\jcala\Desktop\Stm32\stm32f4\Test_LCD4\Middleware\ST\STemWin\Lib\STemWin540_CM4_GCC.a(LCD.o)
                0x08004b10                LCD_DrawBitmap
 .text.LCD_SetClipRectMax
                0x08004d28       0x20 C:\Users\jcala\Desktop\Stm32\stm32f4\Test_LCD4\Middleware\ST\STemWin\Lib\STemWin540_CM4_GCC.a(LCD.o)
                0x08004d28                LCD_SetClipRectMax
 .text.emWin_LCD_Init
                0x08004d48       0xa8 C:\Users\jcala\Desktop\Stm32\stm32f4\Test_LCD4\Middleware\ST\STemWin\Lib\STemWin540_CM4_GCC.a(LCD.o)
                0x08004d48                emWin_LCD_Init
 .text.LCD_Color2Index
                0x08004df0       0x20 C:\Users\jcala\Desktop\Stm32\stm32f4\Test_LCD4\Middleware\ST\STemWin\Lib\STemWin540_CM4_GCC.a(LCD.o)
                0x08004df0                LCD_Color2Index
 .text.LCD_Index2Color
                0x08004e10       0x20 C:\Users\jcala\Desktop\Stm32\stm32f4\Test_LCD4\Middleware\ST\STemWin\Lib\STemWin540_CM4_GCC.a(LCD.o)
                0x08004e10                LCD_Index2Color
 .text.LCD_SetColorIndex
                0x08004e30       0x18 C:\Users\jcala\Desktop\Stm32\stm32f4\Test_LCD4\Middleware\ST\STemWin\Lib\STemWin540_CM4_GCC.a(LCD.o)
                0x08004e30                LCD_SetColorIndex
 .text._SetColor
                0x08004e48       0x20 C:\Users\jcala\Desktop\Stm32\stm32f4\Test_LCD4\Middleware\ST\STemWin\Lib\STemWin540_CM4_GCC.a(LCD.o)
 .text.LCD_SetBkColorIndex
                0x08004e68       0x18 C:\Users\jcala\Desktop\Stm32\stm32f4\Test_LCD4\Middleware\ST\STemWin\Lib\STemWin540_CM4_GCC.a(LCD.o)
                0x08004e68                LCD_SetBkColorIndex
 .text._SetBkColor
                0x08004e80       0x20 C:\Users\jcala\Desktop\Stm32\stm32f4\Test_LCD4\Middleware\ST\STemWin\Lib\STemWin540_CM4_GCC.a(LCD.o)
 .text.LCD_SetBkColor
                0x08004ea0       0x10 C:\Users\jcala\Desktop\Stm32\stm32f4\Test_LCD4\Middleware\ST\STemWin\Lib\STemWin540_CM4_GCC.a(LCD.o)
                0x08004ea0                LCD_SetBkColor
 .text.LCD_SetColor
                0x08004eb0       0x10 C:\Users\jcala\Desktop\Stm32\stm32f4\Test_LCD4\Middleware\ST\STemWin\Lib\STemWin540_CM4_GCC.a(LCD.o)
                0x08004eb0                LCD_SetColor
 .text.GUI__IntersectRect
                0x08004ec0       0x3c C:\Users\jcala\Desktop\Stm32\stm32f4\Test_LCD4\Middleware\ST\STemWin\Lib\STemWin540_CM4_GCC.a(GUI__Private.o)
                0x08004ec0                GUI__IntersectRect
 .text.GUI__IntersectRects
                0x08004efc       0x64 C:\Users\jcala\Desktop\Stm32\stm32f4\Test_LCD4\Middleware\ST\STemWin\Lib\STemWin540_CM4_GCC.a(GUI__Private.o)
                0x08004efc                GUI__IntersectRects
 .text.GUI__memset
                0x08004f60       0x58 C:\Users\jcala\Desktop\Stm32\stm32f4\Test_LCD4\Middleware\ST\STemWin\Lib\STemWin540_CM4_GCC.a(GUI__Private.o)
                0x08004f60                GUI__memset
 .text.GUI__MixColorsBulk
                0x08004fb8       0x84 C:\Users\jcala\Desktop\Stm32\stm32f4\Test_LCD4\Middleware\ST\STemWin\Lib\STemWin540_CM4_GCC.a(GUI__Alpha.o)
                0x08004fb8                GUI__MixColorsBulk
 .text.GUI__MixColors
                0x0800503c       0x5a C:\Users\jcala\Desktop\Stm32\stm32f4\Test_LCD4\Middleware\ST\STemWin\Lib\STemWin540_CM4_GCC.a(GUI__Alpha.o)
                0x0800503c                GUI__MixColors
 *fill*         0x08005096        0x2 
 .text._OnExit  0x08005098       0x40 C:\Users\jcala\Desktop\Stm32\stm32f4\Test_LCD4\Middleware\ST\STemWin\Lib\STemWin540_CM4_GCC.a(GUI__Alpha.o)
 .text.GUI__GetAlphaBuffer
                0x080050d8       0xc8 C:\Users\jcala\Desktop\Stm32\stm32f4\Test_LCD4\Middleware\ST\STemWin\Lib\STemWin540_CM4_GCC.a(GUI__Alpha.o)
                0x080050d8                GUI__GetAlphaBuffer
 .text.GUI__DoAlphaBlending
                0x080051a0      0x1d4 C:\Users\jcala\Desktop\Stm32\stm32f4\Test_LCD4\Middleware\ST\STemWin\Lib\STemWin540_CM4_GCC.a(GUI__Alpha.o)
                0x080051a0                GUI__DoAlphaBlending
 .text.GUI__AllocAlphaBuffer
                0x08005374       0x1a C:\Users\jcala\Desktop\Stm32\stm32f4\Test_LCD4\Middleware\ST\STemWin\Lib\STemWin540_CM4_GCC.a(GUI__Alpha.o)
                0x08005374                GUI__AllocAlphaBuffer
 *fill*         0x0800538e        0x2 
 .text.GUI_SetFuncAlphaBlending
                0x08005390       0x10 C:\Users\jcala\Desktop\Stm32\stm32f4\Test_LCD4\Middleware\ST\STemWin\Lib\STemWin540_CM4_GCC.a(GUI__Alpha.o)
                0x08005390                GUI_SetFuncAlphaBlending
 .text.GUI_SetFuncMixColors
                0x080053a0       0x10 C:\Users\jcala\Desktop\Stm32\stm32f4\Test_LCD4\Middleware\ST\STemWin\Lib\STemWin540_CM4_GCC.a(GUI__Alpha.o)
                0x080053a0                GUI_SetFuncMixColors
 .text.GUI_SetFuncMixColorsBulk
                0x080053b0       0x10 C:\Users\jcala\Desktop\Stm32\stm32f4\Test_LCD4\Middleware\ST\STemWin\Lib\STemWin540_CM4_GCC.a(GUI__Alpha.o)
                0x080053b0                GUI_SetFuncMixColorsBulk
 .text.GUI_UC__GetCharCodeInc
                0x080053c0       0x28 C:\Users\jcala\Desktop\Stm32\stm32f4\Test_LCD4\Middleware\ST\STemWin\Lib\STemWin540_CM4_GCC.a(GUI_UC.o)
                0x080053c0                GUI_UC__GetCharCodeInc
 .text.GUI_UC__NumChars2NumBytes
                0x080053e8       0x24 C:\Users\jcala\Desktop\Stm32\stm32f4\Test_LCD4\Middleware\ST\STemWin\Lib\STemWin540_CM4_GCC.a(GUI_UC.o)
                0x080053e8                GUI_UC__NumChars2NumBytes
 .text.GUI_GetLayerPosEx
                0x0800540c       0x14 C:\Users\jcala\Desktop\Stm32\stm32f4\Test_LCD4\Middleware\ST\STemWin\Lib\STemWin540_CM4_GCC.a(GUI_SelectLayer.o)
                0x0800540c                GUI_GetLayerPosEx
 .text.GUI_SelectLayer
                0x08005420       0x2c C:\Users\jcala\Desktop\Stm32\stm32f4\Test_LCD4\Middleware\ST\STemWin\Lib\STemWin540_CM4_GCC.a(GUI_SelectLayer.o)
                0x08005420                GUI_SelectLayer
 .text.GUI_DispString
                0x0800544c      0x108 C:\Users\jcala\Desktop\Stm32\stm32f4\Test_LCD4\Middleware\ST\STemWin\Lib\STemWin540_CM4_GCC.a(GUI_DispString.o)
                0x0800544c                GUI_DispString
 .text.GUI_DEVICE__GetpDriver
                0x08005554       0x20 C:\Users\jcala\Desktop\Stm32\stm32f4\Test_LCD4\Middleware\ST\STemWin\Lib\STemWin540_CM4_GCC.a(GUI_Device.o)
                0x08005554                GUI_DEVICE__GetpDriver
 .text.GUI_DEVICE_Delete
                0x08005574        0x4 C:\Users\jcala\Desktop\Stm32\stm32f4\Test_LCD4\Middleware\ST\STemWin\Lib\STemWin540_CM4_GCC.a(GUI_Device.o)
                0x08005574                GUI_DEVICE_Delete
 .text.GUI_DEVICE_Create
                0x08005578       0x4c C:\Users\jcala\Desktop\Stm32\stm32f4\Test_LCD4\Middleware\ST\STemWin\Lib\STemWin540_CM4_GCC.a(GUI_Device.o)
                0x08005578                GUI_DEVICE_Create
 .text.GUI_DEVICE_Unlink
                0x080055c4       0x34 C:\Users\jcala\Desktop\Stm32\stm32f4\Test_LCD4\Middleware\ST\STemWin\Lib\STemWin540_CM4_GCC.a(GUI_Device.o)
                0x080055c4                GUI_DEVICE_Unlink
 .text.GUI_DEVICE_Link
                0x080055f8       0x84 C:\Users\jcala\Desktop\Stm32\stm32f4\Test_LCD4\Middleware\ST\STemWin\Lib\STemWin540_CM4_GCC.a(GUI_Device.o)
                0x080055f8                GUI_DEVICE_Link
 .text.GUI_DEVICE_CreateAndLink
                0x0800567c       0x28 C:\Users\jcala\Desktop\Stm32\stm32f4\Test_LCD4\Middleware\ST\STemWin\Lib\STemWin540_CM4_GCC.a(GUI_Device.o)
                0x0800567c                GUI_DEVICE_CreateAndLink
 .text._OnExit  0x080056a4       0x4c C:\Users\jcala\Desktop\Stm32\stm32f4\Test_LCD4\Middleware\ST\STemWin\Lib\STemWin540_CM4_GCC.a(GUI_Core.o)
 .text._InitContext
                0x080056f0       0x88 C:\Users\jcala\Desktop\Stm32\stm32f4\Test_LCD4\Middleware\ST\STemWin\Lib\STemWin540_CM4_GCC.a(GUI_Core.o)
 .text.GUI_SetFuncGetpPalConvTable
                0x08005778        0xc C:\Users\jcala\Desktop\Stm32\stm32f4\Test_LCD4\Middleware\ST\STemWin\Lib\STemWin540_CM4_GCC.a(GUI_Core.o)
                0x08005778                GUI_SetFuncGetpPalConvTable
 .text.GUI_SetDefaultFont
                0x08005784        0xc C:\Users\jcala\Desktop\Stm32\stm32f4\Test_LCD4\Middleware\ST\STemWin\Lib\STemWin540_CM4_GCC.a(GUI_Core.o)
                0x08005784                GUI_SetDefaultFont
 .text.GUI_ClearRect
                0x08005790       0x64 C:\Users\jcala\Desktop\Stm32\stm32f4\Test_LCD4\Middleware\ST\STemWin\Lib\STemWin540_CM4_GCC.a(GUI_Core.o)
                0x08005790                GUI_ClearRect
 .text.GUI_Clear
                0x080057f4       0x20 C:\Users\jcala\Desktop\Stm32\stm32f4\Test_LCD4\Middleware\ST\STemWin\Lib\STemWin540_CM4_GCC.a(GUI_Core.o)
                0x080057f4                GUI_Clear
 .text.GUI__RegisterExit
                0x08005814       0x24 C:\Users\jcala\Desktop\Stm32\stm32f4\Test_LCD4\Middleware\ST\STemWin\Lib\STemWin540_CM4_GCC.a(GUI_Core.o)
                0x08005814                GUI__RegisterExit
 .text.GUI__Config
                0x08005838       0x30 C:\Users\jcala\Desktop\Stm32\stm32f4\Test_LCD4\Middleware\ST\STemWin\Lib\STemWin540_CM4_GCC.a(GUI_Core.o)
                0x08005838                GUI__Config
 .text.GUI_Init
                0x08005868       0xc4 C:\Users\jcala\Desktop\Stm32\stm32f4\Test_LCD4\Middleware\ST\STemWin\Lib\STemWin540_CM4_GCC.a(GUI_Core.o)
                0x08005868                GUI_Init
 .text.GUI_CalcColorDist
                0x0800592c       0x50 C:\Users\jcala\Desktop\Stm32\stm32f4\Test_LCD4\Middleware\ST\STemWin\Lib\STemWin540_CM4_GCC.a(GUI_Common.o)
                0x0800592c                GUI_CalcColorDist
 .text.GUI_GetBkColor
                0x0800597c        0xe C:\Users\jcala\Desktop\Stm32\stm32f4\Test_LCD4\Middleware\ST\STemWin\Lib\STemWin540_CM4_GCC.a(GUI_Common.o)
                0x0800597c                GUI_GetBkColor
 .text.GUI_GetColor
                0x0800598a        0xe C:\Users\jcala\Desktop\Stm32\stm32f4\Test_LCD4\Middleware\ST\STemWin\Lib\STemWin540_CM4_GCC.a(GUI_Common.o)
                0x0800598a                GUI_GetColor
 .text.GUI_GetDrawMode
                0x08005998        0xc C:\Users\jcala\Desktop\Stm32\stm32f4\Test_LCD4\Middleware\ST\STemWin\Lib\STemWin540_CM4_GCC.a(GUI_Common.o)
                0x08005998                GUI_GetDrawMode
 .text.GUI_MergeRect
                0x080059a4       0x56 C:\Users\jcala\Desktop\Stm32\stm32f4\Test_LCD4\Middleware\ST\STemWin\Lib\STemWin540_CM4_GCC.a(GUI_Common.o)
                0x080059a4                GUI_MergeRect
 .text.GUI_MoveRect
                0x080059fa       0x20 C:\Users\jcala\Desktop\Stm32\stm32f4\Test_LCD4\Middleware\ST\STemWin\Lib\STemWin540_CM4_GCC.a(GUI_Common.o)
                0x080059fa                GUI_MoveRect
 *fill*         0x08005a1a        0x2 
 .text.GUI_GotoXY
                0x08005a1c       0x10 C:\Users\jcala\Desktop\Stm32\stm32f4\Test_LCD4\Middleware\ST\STemWin\Lib\STemWin540_CM4_GCC.a(GUI_Common.o)
                0x08005a1c                GUI_GotoXY
 .text.GUI_RectsIntersect
                0x08005a2c       0x3a C:\Users\jcala\Desktop\Stm32\stm32f4\Test_LCD4\Middleware\ST\STemWin\Lib\STemWin540_CM4_GCC.a(GUI_Common.o)
                0x08005a2c                GUI_RectsIntersect
 .text.GUI_SelectLCD
                0x08005a66       0x12 C:\Users\jcala\Desktop\Stm32\stm32f4\Test_LCD4\Middleware\ST\STemWin\Lib\STemWin540_CM4_GCC.a(GUI_Common.o)
                0x08005a66                GUI_SelectLCD
 .text.GUI_SetBkColor
                0x08005a78        0x4 C:\Users\jcala\Desktop\Stm32\stm32f4\Test_LCD4\Middleware\ST\STemWin\Lib\STemWin540_CM4_GCC.a(GUI_Common.o)
                0x08005a78                GUI_SetBkColor
 .text.GUI_SetColor
                0x08005a7c        0x4 C:\Users\jcala\Desktop\Stm32\stm32f4\Test_LCD4\Middleware\ST\STemWin\Lib\STemWin540_CM4_GCC.a(GUI_Common.o)
                0x08005a7c                GUI_SetColor
 .text.GUI_SetFont
                0x08005a80       0x14 C:\Users\jcala\Desktop\Stm32\stm32f4\Test_LCD4\Middleware\ST\STemWin\Lib\STemWin540_CM4_GCC.a(GUI_Common.o)
                0x08005a80                GUI_SetFont
 .text.GUI_SetOrg
                0x08005a94       0x34 C:\Users\jcala\Desktop\Stm32\stm32f4\Test_LCD4\Middleware\ST\STemWin\Lib\STemWin540_CM4_GCC.a(GUI_Common.o)
                0x08005a94                GUI_SetOrg
 .text.GUIPROP__FindChar
                0x08005ac8       0x14 C:\Users\jcala\Desktop\Stm32\stm32f4\Test_LCD4\Middleware\ST\STemWin\Lib\STemWin540_CM4_GCC.a(GUI_CharP.o)
                0x08005ac8                GUIPROP__FindChar
 .text.GUIPROP_DispChar
                0x08005adc       0xec C:\Users\jcala\Desktop\Stm32\stm32f4\Test_LCD4\Middleware\ST\STemWin\Lib\STemWin540_CM4_GCC.a(GUI_CharP.o)
                0x08005adc                GUIPROP_DispChar
 .text.GUIPROP_GetCharDistX
                0x08005bc8       0x3c C:\Users\jcala\Desktop\Stm32\stm32f4\Test_LCD4\Middleware\ST\STemWin\Lib\STemWin540_CM4_GCC.a(GUI_CharP.o)
                0x08005bc8                GUIPROP_GetCharDistX
 .text.GUIPROP_GetFontInfo
                0x08005c04        0x6 C:\Users\jcala\Desktop\Stm32\stm32f4\Test_LCD4\Middleware\ST\STemWin\Lib\STemWin540_CM4_GCC.a(GUI_CharP.o)
                0x08005c04                GUIPROP_GetFontInfo
 .text.GUIPROP_IsInFont
                0x08005c0a       0x10 C:\Users\jcala\Desktop\Stm32\stm32f4\Test_LCD4\Middleware\ST\STemWin\Lib\STemWin540_CM4_GCC.a(GUI_CharP.o)
                0x08005c0a                GUIPROP_IsInFont
 *fill*         0x08005c1a        0x2 
 .text.GUIMONO_DispChar
                0x08005c1c      0x150 C:\Users\jcala\Desktop\Stm32\stm32f4\Test_LCD4\Middleware\ST\STemWin\Lib\STemWin540_CM4_GCC.a(GUI_CharM.o)
                0x08005c1c                GUIMONO_DispChar
 .text.GUIMONO_GetCharDistX
                0x08005d6c       0x18 C:\Users\jcala\Desktop\Stm32\stm32f4\Test_LCD4\Middleware\ST\STemWin\Lib\STemWin540_CM4_GCC.a(GUI_CharM.o)
                0x08005d6c                GUIMONO_GetCharDistX
 .text.GUIMONO_GetFontInfo
                0x08005d84        0x6 C:\Users\jcala\Desktop\Stm32\stm32f4\Test_LCD4\Middleware\ST\STemWin\Lib\STemWin540_CM4_GCC.a(GUI_CharM.o)
                0x08005d84                GUIMONO_GetFontInfo
 .text.GUIMONO_IsInFont
                0x08005d8a       0x36 C:\Users\jcala\Desktop\Stm32\stm32f4\Test_LCD4\Middleware\ST\STemWin\Lib\STemWin540_CM4_GCC.a(GUI_CharM.o)
                0x08005d8a                GUIMONO_IsInFont
 .text._Log2VisBuffered
                0x08005dc0        0x2 C:\Users\jcala\Desktop\Stm32\stm32f4\Test_LCD4\Middleware\ST\STemWin\Lib\STemWin540_CM4_GCC.a(GUI_CharLine.o)
 *fill*         0x08005dc2        0x2 
 .text._DispLine
                0x08005dc4       0x9c C:\Users\jcala\Desktop\Stm32\stm32f4\Test_LCD4\Middleware\ST\STemWin\Lib\STemWin540_CM4_GCC.a(GUI_CharLine.o)
 .text.GUI__GetLineNumChars
                0x08005e60       0x3c C:\Users\jcala\Desktop\Stm32\stm32f4\Test_LCD4\Middleware\ST\STemWin\Lib\STemWin540_CM4_GCC.a(GUI_CharLine.o)
                0x08005e60                GUI__GetLineNumChars
 .text.GUI__GetOverlap
                0x08005e9c       0x1e C:\Users\jcala\Desktop\Stm32\stm32f4\Test_LCD4\Middleware\ST\STemWin\Lib\STemWin540_CM4_GCC.a(GUI_CharLine.o)
                0x08005e9c                GUI__GetOverlap
 *fill*         0x08005eba        0x2 
 .text.GUI__GetLineDistX
                0x08005ebc       0x60 C:\Users\jcala\Desktop\Stm32\stm32f4\Test_LCD4\Middleware\ST\STemWin\Lib\STemWin540_CM4_GCC.a(GUI_CharLine.o)
                0x08005ebc                GUI__GetLineDistX
 .text.GUI__DispLine
                0x08005f1c       0xa8 C:\Users\jcala\Desktop\Stm32\stm32f4\Test_LCD4\Middleware\ST\STemWin\Lib\STemWin540_CM4_GCC.a(GUI_CharLine.o)
                0x08005f1c                GUI__DispLine
 .text.GUI_GetYAdjust
                0x08005fc4       0x30 C:\Users\jcala\Desktop\Stm32\stm32f4\Test_LCD4\Middleware\ST\STemWin\Lib\STemWin540_CM4_GCC.a(GUI_Char.o)
                0x08005fc4                GUI_GetYAdjust
 .text.GUI_GetFontDistY
                0x08005ff4       0x10 C:\Users\jcala\Desktop\Stm32\stm32f4\Test_LCD4\Middleware\ST\STemWin\Lib\STemWin540_CM4_GCC.a(GUI_Char.o)
                0x08005ff4                GUI_GetFontDistY
 .text.GUI_GetCharDistX
                0x08006004       0x14 C:\Users\jcala\Desktop\Stm32\stm32f4\Test_LCD4\Middleware\ST\STemWin\Lib\STemWin540_CM4_GCC.a(GUI_Char.o)
                0x08006004                GUI_GetCharDistX
 .text.GUI_GetCharDistXEx
                0x08006018       0x14 C:\Users\jcala\Desktop\Stm32\stm32f4\Test_LCD4\Middleware\ST\STemWin\Lib\STemWin540_CM4_GCC.a(GUI_Char.o)
                0x08006018                GUI_GetCharDistXEx
 .text._PushFreeBlock
                0x0800602c       0x24 C:\Users\jcala\Desktop\Stm32\stm32f4\Test_LCD4\Middleware\ST\STemWin\Lib\STemWin540_CM4_GCC.a(GUI_Alloc.o)
 .text._RemoveFreeBlock
                0x08006050       0x40 C:\Users\jcala\Desktop\Stm32\stm32f4\Test_LCD4\Middleware\ST\STemWin\Lib\STemWin540_CM4_GCC.a(GUI_Alloc.o)
 .text._AddFreeMemory
                0x08006090       0xa0 C:\Users\jcala\Desktop\Stm32\stm32f4\Test_LCD4\Middleware\ST\STemWin\Lib\STemWin540_CM4_GCC.a(GUI_Alloc.o)
 .text._RemoveHoles
                0x08006130       0x9c C:\Users\jcala\Desktop\Stm32\stm32f4\Test_LCD4\Middleware\ST\STemWin\Lib\STemWin540_CM4_GCC.a(GUI_Alloc.o)
 .text.GUI_ALLOC_FreeFixedBlock
                0x080061cc       0x14 C:\Users\jcala\Desktop\Stm32\stm32f4\Test_LCD4\Middleware\ST\STemWin\Lib\STemWin540_CM4_GCC.a(GUI_Alloc.o)
                0x080061cc                GUI_ALLOC_FreeFixedBlock
 .text.GUI_ALLOC_h2p
                0x080061e0       0x14 C:\Users\jcala\Desktop\Stm32\stm32f4\Test_LCD4\Middleware\ST\STemWin\Lib\STemWin540_CM4_GCC.a(GUI_Alloc.o)
                0x080061e0                GUI_ALLOC_h2p
 .text.GUI_ALLOC_LockH
                0x080061f4       0x1c C:\Users\jcala\Desktop\Stm32\stm32f4\Test_LCD4\Middleware\ST\STemWin\Lib\STemWin540_CM4_GCC.a(GUI_Alloc.o)
                0x080061f4                GUI_ALLOC_LockH
 .text.GUI_ALLOC_UnlockH
                0x08006210       0x30 C:\Users\jcala\Desktop\Stm32\stm32f4\Test_LCD4\Middleware\ST\STemWin\Lib\STemWin540_CM4_GCC.a(GUI_Alloc.o)
                0x08006210                GUI_ALLOC_UnlockH
 .text.GUI_ALLOC_AssignMemory
                0x08006240       0x10 C:\Users\jcala\Desktop\Stm32\stm32f4\Test_LCD4\Middleware\ST\STemWin\Lib\STemWin540_CM4_GCC.a(GUI_Alloc.o)
                0x08006240                GUI_ALLOC_AssignMemory
 .text.GUI_ALLOC_Free
                0x08006250       0x28 C:\Users\jcala\Desktop\Stm32\stm32f4\Test_LCD4\Middleware\ST\STemWin\Lib\STemWin540_CM4_GCC.a(GUI_Alloc.o)
                0x08006250                GUI_ALLOC_Free
 .text._EnlargeBlocks
                0x08006278       0xa0 C:\Users\jcala\Desktop\Stm32\stm32f4\Test_LCD4\Middleware\ST\STemWin\Lib\STemWin540_CM4_GCC.a(GUI_Alloc.o)
 .text._InitOnce
                0x08006318       0x64 C:\Users\jcala\Desktop\Stm32\stm32f4\Test_LCD4\Middleware\ST\STemWin\Lib\STemWin540_CM4_GCC.a(GUI_Alloc.o)
 .text.GUI_ALLOC_GetFixedBlock
                0x0800637c       0xa4 C:\Users\jcala\Desktop\Stm32\stm32f4\Test_LCD4\Middleware\ST\STemWin\Lib\STemWin540_CM4_GCC.a(GUI_Alloc.o)
                0x0800637c                GUI_ALLOC_GetFixedBlock
 .text._Alloc   0x08006420       0xec C:\Users\jcala\Desktop\Stm32\stm32f4\Test_LCD4\Middleware\ST\STemWin\Lib\STemWin540_CM4_GCC.a(GUI_Alloc.o)
 .text.GUI_ALLOC_AllocNoInit
                0x0800650c        0x8 C:\Users\jcala\Desktop\Stm32\stm32f4\Test_LCD4\Middleware\ST\STemWin\Lib\STemWin540_CM4_GCC.a(GUI_Alloc.o)
                0x0800650c                GUI_ALLOC_AllocNoInit
 .text.GUI_ALLOC_AllocZero
                0x08006514       0x30 C:\Users\jcala\Desktop\Stm32\stm32f4\Test_LCD4\Middleware\ST\STemWin\Lib\STemWin540_CM4_GCC.a(GUI_Alloc.o)
                0x08006514                GUI_ALLOC_AllocZero
 .text._Color2Index_M888
                0x08006544       0x12 C:\Users\jcala\Desktop\Stm32\stm32f4\Test_LCD4\Middleware\ST\STemWin\Lib\STemWin540_CM4_GCC.a(GUICC_M888.o)
 .text._GetIndexMask_M888
                0x08006556        0x6 C:\Users\jcala\Desktop\Stm32\stm32f4\Test_LCD4\Middleware\ST\STemWin\Lib\STemWin540_CM4_GCC.a(GUICC_M888.o)
 .text._Color2IndexBulk
                0x0800655c       0x38 C:\Users\jcala\Desktop\Stm32\stm32f4\Test_LCD4\Middleware\ST\STemWin\Lib\STemWin540_CM4_GCC.a(GUICC_M888.o)
 .text._Index2ColorBulk
                0x08006594       0x38 C:\Users\jcala\Desktop\Stm32\stm32f4\Test_LCD4\Middleware\ST\STemWin\Lib\STemWin540_CM4_GCC.a(GUICC_M888.o)
 .text.GUICC_M888_SetCustColorConv
                0x080065cc       0x14 C:\Users\jcala\Desktop\Stm32\stm32f4\Test_LCD4\Middleware\ST\STemWin\Lib\STemWin540_CM4_GCC.a(GUICC_M888.o)
                0x080065cc                GUICC_M888_SetCustColorConv
 .text.LCD_Index2Color_M565
                0x080065e0       0x28 C:\Users\jcala\Desktop\Stm32\stm32f4\Test_LCD4\Middleware\ST\STemWin\Lib\STemWin540_CM4_GCC.a(GUICC_M565.o)
                0x080065e0                LCD_Index2Color_M565
 .text._Color2Index_M565
                0x08006608       0x28 C:\Users\jcala\Desktop\Stm32\stm32f4\Test_LCD4\Middleware\ST\STemWin\Lib\STemWin540_CM4_GCC.a(GUICC_M565.o)
 .text._GetIndexMask_M565
                0x08006630        0x6 C:\Users\jcala\Desktop\Stm32\stm32f4\Test_LCD4\Middleware\ST\STemWin\Lib\STemWin540_CM4_GCC.a(GUICC_M565.o)
 *fill*         0x08006636        0x2 
 .text._Color2IndexBulk
                0x08006638       0x4c C:\Users\jcala\Desktop\Stm32\stm32f4\Test_LCD4\Middleware\ST\STemWin\Lib\STemWin540_CM4_GCC.a(GUICC_M565.o)
 .text._Index2ColorBulk
                0x08006684       0x5c C:\Users\jcala\Desktop\Stm32\stm32f4\Test_LCD4\Middleware\ST\STemWin\Lib\STemWin540_CM4_GCC.a(GUICC_M565.o)
 .text.GUICC_M565_SetCustColorConv
                0x080066e0       0x14 C:\Users\jcala\Desktop\Stm32\stm32f4\Test_LCD4\Middleware\ST\STemWin\Lib\STemWin540_CM4_GCC.a(GUICC_M565.o)
                0x080066e0                GUICC_M565_SetCustColorConv
 .text.LCD_Index2Color_888
                0x080066f4        0x2 C:\Users\jcala\Desktop\Stm32\stm32f4\Test_LCD4\Middleware\ST\STemWin\Lib\STemWin540_CM4_GCC.a(GUICC_888_Index2Color.o)
                0x080066f4                LCD_Index2Color_888
 .text.LCD_Index2Color_8888
                0x080066f6        0x2 C:\Users\jcala\Desktop\Stm32\stm32f4\Test_LCD4\Middleware\ST\STemWin\Lib\STemWin540_CM4_GCC.a(GUICC_8888_Index2Color.o)
                0x080066f6                LCD_Index2Color_8888
 .text._GetIndexMask_0
                0x080066f8       0x52 C:\Users\jcala\Desktop\Stm32\stm32f4\Test_LCD4\Middleware\ST\STemWin\Lib\STemWin540_CM4_GCC.a(GUICC_0.o)
 .text._Index2Color_0
                0x0800674a       0x1e C:\Users\jcala\Desktop\Stm32\stm32f4\Test_LCD4\Middleware\ST\STemWin\Lib\STemWin540_CM4_GCC.a(GUICC_0.o)
 .text._Color2Index_0
                0x08006768       0x5e C:\Users\jcala\Desktop\Stm32\stm32f4\Test_LCD4\Middleware\ST\STemWin\Lib\STemWin540_CM4_GCC.a(GUICC_0.o)
 .text._Color2Index_M8888I
                0x080067c6       0x1a C:\Users\jcala\Desktop\Stm32\stm32f4\Test_LCD4\Middleware\ST\STemWin\Lib\STemWin540_CM4_GCC.a(GUICC_M8888I.o)
 .text._GetIndexMask_M8888I
                0x080067e0        0x6 C:\Users\jcala\Desktop\Stm32\stm32f4\Test_LCD4\Middleware\ST\STemWin\Lib\STemWin540_CM4_GCC.a(GUICC_M8888I.o)
 *fill*         0x080067e6        0x2 
 .text._Color2IndexBulk_M8888I
                0x080067e8       0x40 C:\Users\jcala\Desktop\Stm32\stm32f4\Test_LCD4\Middleware\ST\STemWin\Lib\STemWin540_CM4_GCC.a(GUICC_M8888I.o)
 .text._Index2ColorBulk_M8888I
                0x08006828       0x40 C:\Users\jcala\Desktop\Stm32\stm32f4\Test_LCD4\Middleware\ST\STemWin\Lib\STemWin540_CM4_GCC.a(GUICC_M8888I.o)
 .text.GUICC_M8888I_SetCustColorConv
                0x08006868       0x14 C:\Users\jcala\Desktop\Stm32\stm32f4\Test_LCD4\Middleware\ST\STemWin\Lib\STemWin540_CM4_GCC.a(GUICC_M8888I.o)
                0x08006868                GUICC_M8888I_SetCustColorConv
 .text._Color2Index_M4444I
                0x0800687c       0x3a C:\Users\jcala\Desktop\Stm32\stm32f4\Test_LCD4\Middleware\ST\STemWin\Lib\STemWin540_CM4_GCC.a(GUICC_M4444I.o)
 *fill*         0x080068b6        0x2 
 .text._Index2Color_M4444I
                0x080068b8       0x30 C:\Users\jcala\Desktop\Stm32\stm32f4\Test_LCD4\Middleware\ST\STemWin\Lib\STemWin540_CM4_GCC.a(GUICC_M4444I.o)
 .text._GetIndexMask_M4444I
                0x080068e8        0x6 C:\Users\jcala\Desktop\Stm32\stm32f4\Test_LCD4\Middleware\ST\STemWin\Lib\STemWin540_CM4_GCC.a(GUICC_M4444I.o)
 *fill*         0x080068ee        0x2 
 .text._Color2IndexBulk_M4444I
                0x080068f0       0x64 C:\Users\jcala\Desktop\Stm32\stm32f4\Test_LCD4\Middleware\ST\STemWin\Lib\STemWin540_CM4_GCC.a(GUICC_M4444I.o)
 .text._Index2ColorBulk_M4444I
                0x08006954       0x64 C:\Users\jcala\Desktop\Stm32\stm32f4\Test_LCD4\Middleware\ST\STemWin\Lib\STemWin540_CM4_GCC.a(GUICC_M4444I.o)
 .text.GUICC_M4444I_SetCustColorConv
                0x080069b8       0x14 C:\Users\jcala\Desktop\Stm32\stm32f4\Test_LCD4\Middleware\ST\STemWin\Lib\STemWin540_CM4_GCC.a(GUICC_M4444I.o)
                0x080069b8                GUICC_M4444I_SetCustColorConv
 .text._Color2Index_M1555I
                0x080069cc       0x28 C:\Users\jcala\Desktop\Stm32\stm32f4\Test_LCD4\Middleware\ST\STemWin\Lib\STemWin540_CM4_GCC.a(GUICC_M1555I.o)
 .text._Index2Color_M1555I
                0x080069f4       0x34 C:\Users\jcala\Desktop\Stm32\stm32f4\Test_LCD4\Middleware\ST\STemWin\Lib\STemWin540_CM4_GCC.a(GUICC_M1555I.o)
 .text._GetIndexMask_M1555I
                0x08006a28        0x6 C:\Users\jcala\Desktop\Stm32\stm32f4\Test_LCD4\Middleware\ST\STemWin\Lib\STemWin540_CM4_GCC.a(GUICC_M1555I.o)
 *fill*         0x08006a2e        0x2 
 .text._Color2IndexBulk_M1555I
                0x08006a30       0x50 C:\Users\jcala\Desktop\Stm32\stm32f4\Test_LCD4\Middleware\ST\STemWin\Lib\STemWin540_CM4_GCC.a(GUICC_M1555I.o)
 .text._Index2ColorBulk_M1555I
                0x08006a80       0x68 C:\Users\jcala\Desktop\Stm32\stm32f4\Test_LCD4\Middleware\ST\STemWin\Lib\STemWin540_CM4_GCC.a(GUICC_M1555I.o)
 .text.GUICC_M1555I_SetCustColorConv
                0x08006ae8       0x14 C:\Users\jcala\Desktop\Stm32\stm32f4\Test_LCD4\Middleware\ST\STemWin\Lib\STemWin540_CM4_GCC.a(GUICC_M1555I.o)
                0x08006ae8                GUICC_M1555I_SetCustColorConv
 .text._Color2Index_88666I
                0x08006afc       0x20 C:\Users\jcala\Desktop\Stm32\stm32f4\Test_LCD4\Middleware\ST\STemWin\Lib\STemWin540_CM4_GCC.a(GUICC_88666I.o)
 .text._Index2Color_88666I
                0x08006b1c       0x20 C:\Users\jcala\Desktop\Stm32\stm32f4\Test_LCD4\Middleware\ST\STemWin\Lib\STemWin540_CM4_GCC.a(GUICC_88666I.o)
 .text._GetIndexMask_88666I
                0x08006b3c        0x6 C:\Users\jcala\Desktop\Stm32\stm32f4\Test_LCD4\Middleware\ST\STemWin\Lib\STemWin540_CM4_GCC.a(GUICC_88666I.o)
 *fill*         0x08006b42        0x2 
 .text._Color2IndexBulk_88666I
                0x08006b44       0x38 C:\Users\jcala\Desktop\Stm32\stm32f4\Test_LCD4\Middleware\ST\STemWin\Lib\STemWin540_CM4_GCC.a(GUICC_88666I.o)
 .text._Index2ColorBulk_88666I
                0x08006b7c       0x4c C:\Users\jcala\Desktop\Stm32\stm32f4\Test_LCD4\Middleware\ST\STemWin\Lib\STemWin540_CM4_GCC.a(GUICC_88666I.o)
 .text.LCD_Color2Index_8666
                0x08006bc8       0x56 C:\Users\jcala\Desktop\Stm32\stm32f4\Test_LCD4\Middleware\ST\STemWin\Lib\STemWin540_CM4_GCC.a(GUICC_8666.o)
                0x08006bc8                LCD_Color2Index_8666
 .text._GetIndexMask_8666
                0x08006c1e        0x4 C:\Users\jcala\Desktop\Stm32\stm32f4\Test_LCD4\Middleware\ST\STemWin\Lib\STemWin540_CM4_GCC.a(GUICC_8666.o)
 *fill*         0x08006c22        0x2 
 .text.LCD_Index2Color_8666
                0x08006c24       0x54 C:\Users\jcala\Desktop\Stm32\stm32f4\Test_LCD4\Middleware\ST\STemWin\Lib\STemWin540_CM4_GCC.a(GUICC_8666.o)
                0x08006c24                LCD_Index2Color_8666
 .text._Color2Index_1616I
                0x08006c78       0x28 C:\Users\jcala\Desktop\Stm32\stm32f4\Test_LCD4\Middleware\ST\STemWin\Lib\STemWin540_CM4_GCC.a(GUICC_1616I.o)
 .text._Index2Color_1616I
                0x08006ca0       0x24 C:\Users\jcala\Desktop\Stm32\stm32f4\Test_LCD4\Middleware\ST\STemWin\Lib\STemWin540_CM4_GCC.a(GUICC_1616I.o)
 .text._GetIndexMask_1616I
                0x08006cc4        0x4 C:\Users\jcala\Desktop\Stm32\stm32f4\Test_LCD4\Middleware\ST\STemWin\Lib\STemWin540_CM4_GCC.a(GUICC_1616I.o)
 .text._Color2IndexBulk_1616I
                0x08006cc8       0x3c C:\Users\jcala\Desktop\Stm32\stm32f4\Test_LCD4\Middleware\ST\STemWin\Lib\STemWin540_CM4_GCC.a(GUICC_1616I.o)
 .text._Index2ColorBulk_1616I
                0x08006d04       0x50 C:\Users\jcala\Desktop\Stm32\stm32f4\Test_LCD4\Middleware\ST\STemWin\Lib\STemWin540_CM4_GCC.a(GUICC_1616I.o)
 .text._Color2Index_16
                0x08006d54       0x5c C:\Users\jcala\Desktop\Stm32\stm32f4\Test_LCD4\Middleware\ST\STemWin\Lib\STemWin540_CM4_GCC.a(GUICC_16.o)
 .text._Index2Color_16
                0x08006db0       0x3a C:\Users\jcala\Desktop\Stm32\stm32f4\Test_LCD4\Middleware\ST\STemWin\Lib\STemWin540_CM4_GCC.a(GUICC_16.o)
 .text._GetIndexMask_16
                0x08006dea        0x4 C:\Users\jcala\Desktop\Stm32\stm32f4\Test_LCD4\Middleware\ST\STemWin\Lib\STemWin540_CM4_GCC.a(GUICC_16.o)
 *fill*         0x08006dee        0x2 
 .text.WM_GetDesktopWindow
                0x08006df0       0x18 C:\Users\jcala\Desktop\Stm32\stm32f4\Test_LCD4\Middleware\ST\STemWin\Lib\STemWin540_CM4_GCC.a(WM_Lib.o)
                0x08006df0                WM_GetDesktopWindow
 .text.WM_GetFirstChild
                0x08006e08       0x10 C:\Users\jcala\Desktop\Stm32\stm32f4\Test_LCD4\Middleware\ST\STemWin\Lib\STemWin540_CM4_GCC.a(WM_Lib.o)
                0x08006e08                WM_GetFirstChild
 .text.WM_GetParent
                0x08006e18       0x10 C:\Users\jcala\Desktop\Stm32\stm32f4\Test_LCD4\Middleware\ST\STemWin\Lib\STemWin540_CM4_GCC.a(WM_Lib.o)
                0x08006e18                WM_GetParent
 .text.WM_BringToBottom
                0x08006e28       0x86 C:\Users\jcala\Desktop\Stm32\stm32f4\Test_LCD4\Middleware\ST\STemWin\Lib\STemWin540_CM4_GCC.a(WM_Lib.o)
                0x08006e28                WM_BringToBottom
 .text.WM_SendToParent
                0x08006eae       0x1c C:\Users\jcala\Desktop\Stm32\stm32f4\Test_LCD4\Middleware\ST\STemWin\Lib\STemWin540_CM4_GCC.a(WM_Lib.o)
                0x08006eae                WM_SendToParent
 *fill*         0x08006eca        0x2 
 .text._OnExit  0x08006ecc       0xac C:\Users\jcala\Desktop\Stm32\stm32f4\Test_LCD4\Middleware\ST\STemWin\Lib\STemWin540_CM4_GCC.a(WM.o)
 .text._Findy1  0x08006f78       0xac C:\Users\jcala\Desktop\Stm32\stm32f4\Test_LCD4\Middleware\ST\STemWin\Lib\STemWin540_CM4_GCC.a(WM.o)
 .text._Findx0  0x08007024       0x88 C:\Users\jcala\Desktop\Stm32\stm32f4\Test_LCD4\Middleware\ST\STemWin\Lib\STemWin540_CM4_GCC.a(WM.o)
 .text._Findx1  0x080070ac       0x76 C:\Users\jcala\Desktop\Stm32\stm32f4\Test_LCD4\Middleware\ST\STemWin\Lib\STemWin540_CM4_GCC.a(WM.o)
 *fill*         0x08007122        0x2 
 .text.WM__ClipAtParentBorders
                0x08007124       0x5c C:\Users\jcala\Desktop\Stm32\stm32f4\Test_LCD4\Middleware\ST\STemWin\Lib\STemWin540_CM4_GCC.a(WM.o)
                0x08007124                WM__ClipAtParentBorders
 .text.WM__InsertWindowIntoList
                0x08007180       0xa4 C:\Users\jcala\Desktop\Stm32\stm32f4\Test_LCD4\Middleware\ST\STemWin\Lib\STemWin540_CM4_GCC.a(WM.o)
                0x08007180                WM__InsertWindowIntoList
 .text.WM__Client2Screen
                0x08007224       0x10 C:\Users\jcala\Desktop\Stm32\stm32f4\Test_LCD4\Middleware\ST\STemWin\Lib\STemWin540_CM4_GCC.a(WM.o)
                0x08007224                WM__Client2Screen
 .text._SetClipRectUserIntersect
                0x08007234       0x50 C:\Users\jcala\Desktop\Stm32\stm32f4\Test_LCD4\Middleware\ST\STemWin\Lib\STemWin540_CM4_GCC.a(WM.o)
 .text.WM__ActivateClipRect
                0x08007284       0x48 C:\Users\jcala\Desktop\Stm32\stm32f4\Test_LCD4\Middleware\ST\STemWin\Lib\STemWin540_CM4_GCC.a(WM.o)
                0x08007284                WM__ActivateClipRect
 .text.WM__InvalidateDrawAndDescs
                0x080072cc       0x50 C:\Users\jcala\Desktop\Stm32\stm32f4\Test_LCD4\Middleware\ST\STemWin\Lib\STemWin540_CM4_GCC.a(WM.o)
                0x080072cc                WM__InvalidateDrawAndDescs
 .text.WM__RectIsNZ
                0x0800731c       0x22 C:\Users\jcala\Desktop\Stm32\stm32f4\Test_LCD4\Middleware\ST\STemWin\Lib\STemWin540_CM4_GCC.a(WM.o)
                0x0800731c                WM__RectIsNZ
 .text.WM__SendMsgNoData
                0x0800733e       0x16 C:\Users\jcala\Desktop\Stm32\stm32f4\Test_LCD4\Middleware\ST\STemWin\Lib\STemWin540_CM4_GCC.a(WM.o)
                0x0800733e                WM__SendMsgNoData
 .text.WM__GetClientRectWin
                0x08007354       0x18 C:\Users\jcala\Desktop\Stm32\stm32f4\Test_LCD4\Middleware\ST\STemWin\Lib\STemWin540_CM4_GCC.a(WM.o)
                0x08007354                WM__GetClientRectWin
 .text.WM__GetTopLevelLayer
                0x0800736c       0x28 C:\Users\jcala\Desktop\Stm32\stm32f4\Test_LCD4\Middleware\ST\STemWin\Lib\STemWin540_CM4_GCC.a(WM.o)
                0x0800736c                WM__GetTopLevelLayer
 .text._Invalidate1Abs
                0x08007394       0xa0 C:\Users\jcala\Desktop\Stm32\stm32f4\Test_LCD4\Middleware\ST\STemWin\Lib\STemWin540_CM4_GCC.a(WM.o)
 .text.WM__Invalidate1Abs
                0x08007434        0x6 C:\Users\jcala\Desktop\Stm32\stm32f4\Test_LCD4\Middleware\ST\STemWin\Lib\STemWin540_CM4_GCC.a(WM.o)
                0x08007434                WM__Invalidate1Abs
 .text.WM_InvalidateWindowAndDescsEx
                0x0800743a       0x64 C:\Users\jcala\Desktop\Stm32\stm32f4\Test_LCD4\Middleware\ST\STemWin\Lib\STemWin540_CM4_GCC.a(WM.o)
                0x0800743a                WM_InvalidateWindowAndDescsEx
 .text.WM__InvalidateRect
                0x0800749e       0x78 C:\Users\jcala\Desktop\Stm32\stm32f4\Test_LCD4\Middleware\ST\STemWin\Lib\STemWin540_CM4_GCC.a(WM.o)
                0x0800749e                WM__InvalidateRect
 .text.WM__InvalidateRectEx
                0x08007516        0x6 C:\Users\jcala\Desktop\Stm32\stm32f4\Test_LCD4\Middleware\ST\STemWin\Lib\STemWin540_CM4_GCC.a(WM.o)
                0x08007516                WM__InvalidateRectEx
 .text.WM_InvalidateRect
                0x0800751c       0x78 C:\Users\jcala\Desktop\Stm32\stm32f4\Test_LCD4\Middleware\ST\STemWin\Lib\STemWin540_CM4_GCC.a(WM.o)
                0x0800751c                WM_InvalidateRect
 .text.WM_InvalidateWindow
                0x08007594        0x6 C:\Users\jcala\Desktop\Stm32\stm32f4\Test_LCD4\Middleware\ST\STemWin\Lib\STemWin540_CM4_GCC.a(WM.o)
                0x08007594                WM_InvalidateWindow
 .text.WM__SelectTopLevelLayer
                0x0800759a       0x14 C:\Users\jcala\Desktop\Stm32\stm32f4\Test_LCD4\Middleware\ST\STemWin\Lib\STemWin540_CM4_GCC.a(WM.o)
                0x0800759a                WM__SelectTopLevelLayer
 *fill*         0x080075ae        0x2 
 .text.WM_SelectWindow
                0x080075b0       0x40 C:\Users\jcala\Desktop\Stm32\stm32f4\Test_LCD4\Middleware\ST\STemWin\Lib\STemWin540_CM4_GCC.a(WM.o)
                0x080075b0                WM_SelectWindow
 .text.WM_CreateWindowAsChild
                0x080075f0      0x154 C:\Users\jcala\Desktop\Stm32\stm32f4\Test_LCD4\Middleware\ST\STemWin\Lib\STemWin540_CM4_GCC.a(WM.o)
                0x080075f0                WM_CreateWindowAsChild
 .text.WM__GetNextIVR
                0x08007744      0x184 C:\Users\jcala\Desktop\Stm32\stm32f4\Test_LCD4\Middleware\ST\STemWin\Lib\STemWin540_CM4_GCC.a(WM.o)
                0x08007744                WM__GetNextIVR
 .text.WM__InitIVRSearch
                0x080078c8       0xfc C:\Users\jcala\Desktop\Stm32\stm32f4\Test_LCD4\Middleware\ST\STemWin\Lib\STemWin540_CM4_GCC.a(WM.o)
                0x080078c8                WM__InitIVRSearch
 .text.WM_Activate
                0x080079c4       0x10 C:\Users\jcala\Desktop\Stm32\stm32f4\Test_LCD4\Middleware\ST\STemWin\Lib\STemWin540_CM4_GCC.a(WM.o)
                0x080079c4                WM_Activate
 .text.WM_DefaultProc
                0x080079d4       0x48 C:\Users\jcala\Desktop\Stm32\stm32f4\Test_LCD4\Middleware\ST\STemWin\Lib\STemWin540_CM4_GCC.a(WM.o)
                0x080079d4                WM_DefaultProc
 .text._cbBackWin
                0x08007a1c       0x68 C:\Users\jcala\Desktop\Stm32\stm32f4\Test_LCD4\Middleware\ST\STemWin\Lib\STemWin540_CM4_GCC.a(WM.o)
 .text.WM_Init  0x08007a84       0xf4 C:\Users\jcala\Desktop\Stm32\stm32f4\Test_LCD4\Middleware\ST\STemWin\Lib\STemWin540_CM4_GCC.a(WM.o)
                0x08007a84                WM_Init
 .text.GUI_MEMDEV_GetDataPtr
                0x08007b78       0x1e C:\Users\jcala\Desktop\Stm32\stm32f4\Test_LCD4\Middleware\ST\STemWin\Lib\STemWin540_CM4_GCC.a(GUIDEV_GetDataPtr.o)
                0x08007b78                GUI_MEMDEV_GetDataPtr
 *fill*         0x08007b96        0x2 
 .text._GetDevData
                0x08007b98       0x10 C:\Users\jcala\Desktop\Stm32\stm32f4\Test_LCD4\Middleware\ST\STemWin\Lib\STemWin540_CM4_GCC.a(GUIDEV_32.o)
 .text._GetDevFunc
                0x08007ba8       0x10 C:\Users\jcala\Desktop\Stm32\stm32f4\Test_LCD4\Middleware\ST\STemWin\Lib\STemWin540_CM4_GCC.a(GUIDEV_32.o)
 .text._GetDevProp
                0x08007bb8        0xa C:\Users\jcala\Desktop\Stm32\stm32f4\Test_LCD4\Middleware\ST\STemWin\Lib\STemWin540_CM4_GCC.a(GUIDEV_32.o)
 .text._SetOrg  0x08007bc2        0xc C:\Users\jcala\Desktop\Stm32\stm32f4\Test_LCD4\Middleware\ST\STemWin\Lib\STemWin540_CM4_GCC.a(GUIDEV_32.o)
 .text._GetRect
                0x08007bce       0x32 C:\Users\jcala\Desktop\Stm32\stm32f4\Test_LCD4\Middleware\ST\STemWin\Lib\STemWin540_CM4_GCC.a(GUIDEV_32.o)
 .text._XY2PTR  0x08007c00       0x40 C:\Users\jcala\Desktop\Stm32\stm32f4\Test_LCD4\Middleware\ST\STemWin\Lib\STemWin540_CM4_GCC.a(GUIDEV_32.o)
 .text._GetPixelIndex
                0x08007c40        0xe C:\Users\jcala\Desktop\Stm32\stm32f4\Test_LCD4\Middleware\ST\STemWin\Lib\STemWin540_CM4_GCC.a(GUIDEV_32.o)
 *fill*         0x08007c4e        0x2 
 .text._XorPixel
                0x08007c50       0x5c C:\Users\jcala\Desktop\Stm32\stm32f4\Test_LCD4\Middleware\ST\STemWin\Lib\STemWin540_CM4_GCC.a(GUIDEV_32.o)
 .text._SetPixelIndex
                0x08007cac       0x4c C:\Users\jcala\Desktop\Stm32\stm32f4\Test_LCD4\Middleware\ST\STemWin\Lib\STemWin540_CM4_GCC.a(GUIDEV_32.o)
 .text._DrawVLine
                0x08007cf8       0xbc C:\Users\jcala\Desktop\Stm32\stm32f4\Test_LCD4\Middleware\ST\STemWin\Lib\STemWin540_CM4_GCC.a(GUIDEV_32.o)
 .text._FillRect
                0x08007db4       0xb8 C:\Users\jcala\Desktop\Stm32\stm32f4\Test_LCD4\Middleware\ST\STemWin\Lib\STemWin540_CM4_GCC.a(GUIDEV_32.o)
 .text._DrawHLine
                0x08007e6c        0xe C:\Users\jcala\Desktop\Stm32\stm32f4\Test_LCD4\Middleware\ST\STemWin\Lib\STemWin540_CM4_GCC.a(GUIDEV_32.o)
 *fill*         0x08007e7a        0x2 
 .text._DrawBitmap
                0x08007e7c      0x740 C:\Users\jcala\Desktop\Stm32\stm32f4\Test_LCD4\Middleware\ST\STemWin\Lib\STemWin540_CM4_GCC.a(GUIDEV_32.o)
 .text.GUI_MEMDEV_Delete
                0x080085bc       0x44 C:\Users\jcala\Desktop\Stm32\stm32f4\Test_LCD4\Middleware\ST\STemWin\Lib\STemWin540_CM4_GCC.a(GUIDEV.o)
                0x080085bc                GUI_MEMDEV_Delete
 .text.LCD_UpdateColorIndices
                0x08008600       0x24 C:\Users\jcala\Desktop\Stm32\stm32f4\Test_LCD4\Middleware\ST\STemWin\Lib\STemWin540_CM4_GCC.a(LCD_UpdateColorIndices.o)
                0x08008600                LCD_UpdateColorIndices
 .text.LCD_SetClipRectEx
                0x08008624       0x30 C:\Users\jcala\Desktop\Stm32\stm32f4\Test_LCD4\Middleware\ST\STemWin\Lib\STemWin540_CM4_GCC.a(LCD_SetClipRectEx.o)
                0x08008624                LCD_SetClipRectEx
 .text.LCD_SelectLCD
                0x08008654       0x40 C:\Users\jcala\Desktop\Stm32\stm32f4\Test_LCD4\Middleware\ST\STemWin\Lib\STemWin540_CM4_GCC.a(LCD_SelectLCD.o)
                0x08008654                LCD_SelectLCD
 .text.LCD_ReadRectEx
                0x08008694      0x1e8 C:\Users\jcala\Desktop\Stm32\stm32f4\Test_LCD4\Middleware\ST\STemWin\Lib\STemWin540_CM4_GCC.a(LCD_ReadRect.o)
 .text.GUI_ReadRectEx
                0x0800887c       0x60 C:\Users\jcala\Desktop\Stm32\stm32f4\Test_LCD4\Middleware\ST\STemWin\Lib\STemWin540_CM4_GCC.a(LCD_ReadRect.o)
                0x0800887c                GUI_ReadRectEx
 .text.LCD_GetNumLayers
                0x080088dc       0x1e C:\Users\jcala\Desktop\Stm32\stm32f4\Test_LCD4\Middleware\ST\STemWin\Lib\STemWin540_CM4_GCC.a(LCD_GetNumDisplays.o)
                0x080088dc                LCD_GetNumLayers
 *fill*         0x080088fa        0x2 
 .text.LCD_GetBkColorIndex
                0x080088fc       0x10 C:\Users\jcala\Desktop\Stm32\stm32f4\Test_LCD4\Middleware\ST\STemWin\Lib\STemWin540_CM4_GCC.a(LCD_GetColorIndex.o)
                0x080088fc                LCD_GetBkColorIndex
 .text.LCD_GetColorIndex
                0x0800890c       0x10 C:\Users\jcala\Desktop\Stm32\stm32f4\Test_LCD4\Middleware\ST\STemWin\Lib\STemWin540_CM4_GCC.a(LCD_GetColorIndex.o)
                0x0800890c                LCD_GetColorIndex
 .text.GUI__ManageCacheEx
                0x0800891c       0xe8 C:\Users\jcala\Desktop\Stm32\stm32f4\Test_LCD4\Middleware\ST\STemWin\Lib\STemWin540_CM4_GCC.a(GUI__ManageCache.o)
                0x0800891c                GUI__ManageCacheEx
 .text.GUI__ManageCache
                0x08008a04       0x10 C:\Users\jcala\Desktop\Stm32\stm32f4\Test_LCD4\Middleware\ST\STemWin\Lib\STemWin540_CM4_GCC.a(GUI__ManageCache.o)
                0x08008a04                GUI__ManageCache
 .text.GUI__ExpandPixelIndicesEx
                0x08008a14      0x176 C:\Users\jcala\Desktop\Stm32\stm32f4\Test_LCD4\Middleware\ST\STemWin\Lib\STemWin540_CM4_GCC.a(GUI__ExpandPixelIndices.o)
                0x08008a14                GUI__ExpandPixelIndicesEx
 *fill*         0x08008b8a        0x2 
 .text.GUI_SignalEvent
                0x08008b8c       0x10 C:\Users\jcala\Desktop\Stm32\stm32f4\Test_LCD4\Middleware\ST\STemWin\Lib\STemWin540_CM4_GCC.a(GUI_WaitEvent.o)
                0x08008b8c                GUI_SignalEvent
 .text._GetCharCode
                0x08008b9c        0x4 C:\Users\jcala\Desktop\Stm32\stm32f4\Test_LCD4\Middleware\ST\STemWin\Lib\STemWin540_CM4_GCC.a(GUI_UC_EncodeNone.o)
 .text._GetCharSize
                0x08008ba0        0x4 C:\Users\jcala\Desktop\Stm32\stm32f4\Test_LCD4\Middleware\ST\STemWin\Lib\STemWin540_CM4_GCC.a(GUI_UC_EncodeNone.o)
 .text._CalcSizeOfChar
                0x08008ba4        0x4 C:\Users\jcala\Desktop\Stm32\stm32f4\Test_LCD4\Middleware\ST\STemWin\Lib\STemWin540_CM4_GCC.a(GUI_UC_EncodeNone.o)
 .text._Encode  0x08008ba8        0x6 C:\Users\jcala\Desktop\Stm32\stm32f4\Test_LCD4\Middleware\ST\STemWin\Lib\STemWin540_CM4_GCC.a(GUI_UC_EncodeNone.o)
 *fill*         0x08008bae        0x2 
 .text.GUI_StoreKey
                0x08008bb0       0x10 C:\Users\jcala\Desktop\Stm32\stm32f4\Test_LCD4\Middleware\ST\STemWin\Lib\STemWin540_CM4_GCC.a(GUI_OnKey.o)
                0x08008bb0                GUI_StoreKey
 .text.LCD_Index2Color_M888
                0x08008bc0       0x12 C:\Users\jcala\Desktop\Stm32\stm32f4\Test_LCD4\Middleware\ST\STemWin\Lib\STemWin540_CM4_GCC.a(GUICC_M888_Index2Color.o)
                0x08008bc0                LCD_Index2Color_M888
 .text.LCD_Index2Color_M8888I
                0x08008bd2       0x1a C:\Users\jcala\Desktop\Stm32\stm32f4\Test_LCD4\Middleware\ST\STemWin\Lib\STemWin540_CM4_GCC.a(GUICC_M8888I_Index2Color.o)
                0x08008bd2                LCD_Index2Color_M8888I
 .text.WM__GetFirstSibling
                0x08008bec       0x12 C:\Users\jcala\Desktop\Stm32\stm32f4\Test_LCD4\Middleware\ST\STemWin\Lib\STemWin540_CM4_GCC.a(WM__Private.o)
                0x08008bec                WM__GetFirstSibling
 .text.WM__GetPrevSibling
                0x08008bfe       0x26 C:\Users\jcala\Desktop\Stm32\stm32f4\Test_LCD4\Middleware\ST\STemWin\Lib\STemWin540_CM4_GCC.a(WM__Private.o)
                0x08008bfe                WM__GetPrevSibling
 .text.WM__SendMessage
                0x08008c24       0x3c C:\Users\jcala\Desktop\Stm32\stm32f4\Test_LCD4\Middleware\ST\STemWin\Lib\STemWin540_CM4_GCC.a(WM__Private.o)
                0x08008c24                WM__SendMessage
 .text.WM__AddCriticalHandle
                0x08008c60       0x10 C:\Users\jcala\Desktop\Stm32\stm32f4\Test_LCD4\Middleware\ST\STemWin\Lib\STemWin540_CM4_GCC.a(WM__Private.o)
                0x08008c60                WM__AddCriticalHandle
 .text.WM__GetClientRectEx
                0x08008c70       0x22 C:\Users\jcala\Desktop\Stm32\stm32f4\Test_LCD4\Middleware\ST\STemWin\Lib\STemWin540_CM4_GCC.a(WM__Private.o)
                0x08008c70                WM__GetClientRectEx
 *fill*         0x08008c92        0x2 
 .text.GUI_MEMDEV__WriteToActiveAlpha
                0x08008c94      0x190 C:\Users\jcala\Desktop\Stm32\stm32f4\Test_LCD4\Middleware\ST\STemWin\Lib\STemWin540_CM4_GCC.a(GUIDEV_WriteToActiveAlpha.o)
                0x08008c94                GUI_MEMDEV__WriteToActiveAlpha
 .text.GUI_USAGE_DecUseCnt
                0x08008e24       0x28 C:\Users\jcala\Desktop\Stm32\stm32f4\Test_LCD4\Middleware\ST\STemWin\Lib\STemWin540_CM4_GCC.a(GUIDEV_Usage.o)
                0x08008e24                GUI_USAGE_DecUseCnt
 .text.GUI_USAGE_AddRect
                0x08008e4c       0x2a C:\Users\jcala\Desktop\Stm32\stm32f4\Test_LCD4\Middleware\ST\STemWin\Lib\STemWin540_CM4_GCC.a(GUIDEV_Usage.o)
                0x08008e4c                GUI_USAGE_AddRect
 .text.GUI__ConvertColor2Index
                0x08008e76      0x1a8 C:\Users\jcala\Desktop\Stm32\stm32f4\Test_LCD4\Middleware\ST\STemWin\Lib\STemWin540_CM4_GCC.a(GUI__CompactPixelIndices.o)
                0x08008e76                GUI__ConvertColor2Index
 .text.GUI__CompactPixelIndicesEx
                0x0800901e        0xe C:\Users\jcala\Desktop\Stm32\stm32f4\Test_LCD4\Middleware\ST\STemWin\Lib\STemWin540_CM4_GCC.a(GUI__CompactPixelIndices.o)
                0x0800901e                GUI__CompactPixelIndicesEx
 .text.__libc_init_array
                0x0800902c       0x48 c:/program files (x86)/atollic/truestudio for stm32 9.0.0/armtools/bin/../lib/gcc/arm-atollic-eabi/6.3.1/../../../../arm-atollic-eabi/lib/armv7e-m/fpu\libc_nano.a(lib_a-init.o)
                0x0800902c                __libc_init_array
 .text.memcpy   0x08009074       0x16 c:/program files (x86)/atollic/truestudio for stm32 9.0.0/armtools/bin/../lib/gcc/arm-atollic-eabi/6.3.1/../../../../arm-atollic-eabi/lib/armv7e-m/fpu\libc_nano.a(lib_a-memcpy-stub.o)
                0x08009074                memcpy
 .text.memmove  0x0800908a       0x34 c:/program files (x86)/atollic/truestudio for stm32 9.0.0/armtools/bin/../lib/gcc/arm-atollic-eabi/6.3.1/../../../../arm-atollic-eabi/lib/armv7e-m/fpu\libc_nano.a(lib_a-memmove.o)
                0x0800908a                memmove
 .text.memset   0x080090be       0x10 c:/program files (x86)/atollic/truestudio for stm32 9.0.0/armtools/bin/../lib/gcc/arm-atollic-eabi/6.3.1/../../../../arm-atollic-eabi/lib/armv7e-m/fpu\libc_nano.a(lib_a-memset.o)
                0x080090be                memset
 *(.glue_7)
 .glue_7        0x080090ce        0x0 linker stubs
 *(.glue_7t)
 .glue_7t       0x080090ce        0x0 linker stubs
 *(.eh_frame)
 *fill*         0x080090ce        0x2 
 .eh_frame      0x080090d0        0x0 c:/program files (x86)/atollic/truestudio for stm32 9.0.0/armtools/bin/../lib/gcc/arm-atollic-eabi/6.3.1/armv7e-m/fpu/crtbegin.o
 *(.init)
 .init          0x080090d0        0x4 c:/program files (x86)/atollic/truestudio for stm32 9.0.0/armtools/bin/../lib/gcc/arm-atollic-eabi/6.3.1/armv7e-m/fpu/crti.o
                0x080090d0                _init
 .init          0x080090d4        0x8 c:/program files (x86)/atollic/truestudio for stm32 9.0.0/armtools/bin/../lib/gcc/arm-atollic-eabi/6.3.1/armv7e-m/fpu/crtn.o
 *(.fini)
 .fini          0x080090dc        0x4 c:/program files (x86)/atollic/truestudio for stm32 9.0.0/armtools/bin/../lib/gcc/arm-atollic-eabi/6.3.1/armv7e-m/fpu/crti.o
                0x080090dc                _fini
 .fini          0x080090e0        0x8 c:/program files (x86)/atollic/truestudio for stm32 9.0.0/armtools/bin/../lib/gcc/arm-atollic-eabi/6.3.1/armv7e-m/fpu/crtn.o
                0x080090e8                . = ALIGN (0x4)
                0x080090e8                _etext = .

.vfp11_veneer   0x080090e8        0x0
 .vfp11_veneer  0x080090e8        0x0 linker stubs

.v4_bx          0x080090e8        0x0
 .v4_bx         0x080090e8        0x0 linker stubs

.iplt           0x080090e8        0x0
 .iplt          0x080090e8        0x0 c:/program files (x86)/atollic/truestudio for stm32 9.0.0/armtools/bin/../lib/gcc/arm-atollic-eabi/6.3.1/armv7e-m/fpu/crtbegin.o

.rodata         0x080090e8     0x2dac
                0x080090e8                . = ALIGN (0x4)
 *(.rodata)
 *(.rodata*)
 .rodata.flagBitshiftOffset.14039
                0x080090e8        0x8 Drivers\STM32F4xx_HAL_Driver\Src\stm32f4xx_hal_dma.o
 .rodata.main.str1.1
                0x080090f0        0xd Src\main.o
 .rodata.AHBPrescTable
                0x080090fd       0x10 Src\system_stm32f4xx.o
                0x080090fd                AHBPrescTable
 .rodata.APBPrescTable
                0x0800910d        0x8 Src\system_stm32f4xx.o
                0x0800910d                APBPrescTable
 *fill*         0x08009115        0x3 
 .rodata.GUI_F6x8_Mono
                0x08009118       0x14 C:\Users\jcala\Desktop\Stm32\stm32f4\Test_LCD4\Middleware\ST\STemWin\Lib\STemWin540_CM4_GCC.a(F6x8.o)
 .rodata.GUI_Font6x8
                0x0800912c       0x24 C:\Users\jcala\Desktop\Stm32\stm32f4\Test_LCD4\Middleware\ST\STemWin\Lib\STemWin540_CM4_GCC.a(F6x8.o)
                0x0800912c                GUI_Font6x8
 .rodata.GUI_acFont6x8
                0x08009150      0x518 C:\Users\jcala\Desktop\Stm32\stm32f4\Test_LCD4\Middleware\ST\STemWin\Lib\STemWin540_CM4_GCC.a(F6x8.o)
 .rodata.GUI_F6x8_TL8859_1
                0x08009668      0x1c0 C:\Users\jcala\Desktop\Stm32\stm32f4\Test_LCD4\Middleware\ST\STemWin\Lib\STemWin540_CM4_GCC.a(F6x8.o)
 .rodata.GUI_F6x8_TI8859_1
                0x08009828        0x8 C:\Users\jcala\Desktop\Stm32\stm32f4\Test_LCD4\Middleware\ST\STemWin\Lib\STemWin540_CM4_GCC.a(F6x8.o)
 .rodata.acGUI_Font20_1_00EA
                0x08009830       0x28 C:\Users\jcala\Desktop\Stm32\stm32f4\Test_LCD4\Middleware\ST\STemWin\Lib\STemWin540_CM4_GCC.a(F20_1.o)
 .rodata.acGUI_Font20_1_00EB
                0x08009858       0x28 C:\Users\jcala\Desktop\Stm32\stm32f4\Test_LCD4\Middleware\ST\STemWin\Lib\STemWin540_CM4_GCC.a(F20_1.o)
 .rodata.acGUI_Font20_1_00EC
                0x08009880       0x14 C:\Users\jcala\Desktop\Stm32\stm32f4\Test_LCD4\Middleware\ST\STemWin\Lib\STemWin540_CM4_GCC.a(F20_1.o)
 .rodata.acGUI_Font20_1_00ED
                0x08009894       0x14 C:\Users\jcala\Desktop\Stm32\stm32f4\Test_LCD4\Middleware\ST\STemWin\Lib\STemWin540_CM4_GCC.a(F20_1.o)
 .rodata.acGUI_Font20_1_00EE
                0x080098a8       0x14 C:\Users\jcala\Desktop\Stm32\stm32f4\Test_LCD4\Middleware\ST\STemWin\Lib\STemWin540_CM4_GCC.a(F20_1.o)
 .rodata.acGUI_Font20_1_00EF
                0x080098bc       0x14 C:\Users\jcala\Desktop\Stm32\stm32f4\Test_LCD4\Middleware\ST\STemWin\Lib\STemWin540_CM4_GCC.a(F20_1.o)
 .rodata.GUI_Font20_1_Prop0
                0x080098d0        0xc C:\Users\jcala\Desktop\Stm32\stm32f4\Test_LCD4\Middleware\ST\STemWin\Lib\STemWin540_CM4_GCC.a(F20_1.o)
 .rodata.acGUI_Font20_1_00B0
                0x080098dc       0x14 C:\Users\jcala\Desktop\Stm32\stm32f4\Test_LCD4\Middleware\ST\STemWin\Lib\STemWin540_CM4_GCC.a(F20_1.o)
 .rodata.acGUI_Font20_1_00B1
                0x080098f0       0x28 C:\Users\jcala\Desktop\Stm32\stm32f4\Test_LCD4\Middleware\ST\STemWin\Lib\STemWin540_CM4_GCC.a(F20_1.o)
 .rodata.acGUI_Font20_1_00B2
                0x08009918       0x14 C:\Users\jcala\Desktop\Stm32\stm32f4\Test_LCD4\Middleware\ST\STemWin\Lib\STemWin540_CM4_GCC.a(F20_1.o)
 .rodata.acGUI_Font20_1_00B3