stm32f4xx_hal_ltdc.c:1809:13:LTDC_SetConfig	28	static
stm32f4xx_hal_ltdc.c:267:13:HAL_LTDC_MspInit	0	static
stm32f4xx_hal_ltdc.c:155:19:HAL_LTDC_Init	16	static
stm32f4xx_hal_ltdc.c:283:13:HAL_LTDC_MspDeInit	0	static
stm32f4xx_hal_ltdc.c:244:19:HAL_LTDC_DeInit	8	static
stm32f4xx_hal_ltdc.c:410:13:HAL_LTDC_ErrorCallback	0	static
stm32f4xx_hal_ltdc.c:426:13:HAL_LTDC_LineEventCallback	0	static
stm32f4xx_hal_ltdc.c:442:13:HAL_LTDC_ReloadEventCallback	0	static
stm32f4xx_hal_ltdc.c:316:6:HAL_LTDC_IRQHandler	16	static
stm32f4xx_hal_ltdc.c:492:19:HAL_LTDC_ConfigLayer	24	static
stm32f4xx_hal_ltdc.c:542:19:HAL_LTDC_ConfigColorKeying	8	static
stm32f4xx_hal_ltdc.c:580:19:HAL_LTDC_ConfigCLUT	20	static
stm32f4xx_hal_ltdc.c:630:19:HAL_LTDC_EnableColorKeying	0	static
stm32f4xx_hal_ltdc.c:665:19:HAL_LTDC_DisableColorKeying	0	static
stm32f4xx_hal_ltdc.c:700:19:HAL_LTDC_EnableCLUT	0	static
stm32f4xx_hal_ltdc.c:735:19:HAL_LTDC_DisableCLUT	0	static
stm32f4xx_hal_ltdc.c:768:19:HAL_LTDC_EnableDither	0	static
stm32f4xx_hal_ltdc.c:795:19:HAL_LTDC_DisableDither	0	static
stm32f4xx_hal_ltdc.c:826:19:HAL_LTDC_SetWindowSize	24	static
stm32f4xx_hal_ltdc.c:882:19:HAL_LTDC_SetWindowPosition	24	static
stm32f4xx_hal_ltdc.c:933:19:HAL_LTDC_SetPixelFormat	16	static
stm32f4xx_hal_ltdc.c:978:19:HAL_LTDC_SetAlpha	16	static
stm32f4xx_hal_ltdc.c:1022:19:HAL_LTDC_SetAddress	16	static
stm32f4xx_hal_ltdc.c:1069:19:HAL_LTDC_SetPitch	12	static
stm32f4xx_hal_ltdc.c:1138:19:HAL_LTDC_ProgramLineEvent	0	static
stm32f4xx_hal_ltdc.c:1177:20:HAL_LTDC_Reload	0	static
stm32f4xx_hal_ltdc.c:1216:19:HAL_LTDC_ConfigLayer_NoReload	24	static
stm32f4xx_hal_ltdc.c:1267:19:HAL_LTDC_SetWindowSize_NoReload	24	static
stm32f4xx_hal_ltdc.c:1323:19:HAL_LTDC_SetWindowPosition_NoReload	24	static
stm32f4xx_hal_ltdc.c:1374:19:HAL_LTDC_SetPixelFormat_NoReload	16	static
stm32f4xx_hal_ltdc.c:1419:19:HAL_LTDC_SetAlpha_NoReload	16	static
stm32f4xx_hal_ltdc.c:1464:19:HAL_LTDC_SetAddress_NoReload	16	static
stm32f4xx_hal_ltdc.c:1511:19:HAL_LTDC_SetPitch_NoReload	12	static
stm32f4xx_hal_ltdc.c:1580:19:HAL_LTDC_ConfigColorKeying_NoReload	0	static
stm32f4xx_hal_ltdc.c:1616:19:HAL_LTDC_EnableColorKeying_NoReload	0	static
stm32f4xx_hal_ltdc.c:1651:19:HAL_LTDC_DisableColorKeying_NoReload	0	static
stm32f4xx_hal_ltdc.c:1686:19:HAL_LTDC_EnableCLUT_NoReload	0	static
stm32f4xx_hal_ltdc.c:1721:19:HAL_LTDC_DisableCLUT_NoReload	0	static
stm32f4xx_hal_ltdc.c:1772:23:HAL_LTDC_GetState	0	static
stm32f4xx_hal_ltdc.c:1783:10:HAL_LTDC_GetError	0	static
