stm32f4xx_hal_dma2d.c:1640:13:DMA2D_SetConfig	16	static
stm32f4xx_hal_dma2d.c:350:13:HAL_DMA2D_MspInit	0	static
stm32f4xx_hal_dma2d.c:223:19:HAL_DMA2D_Init	8	static
stm32f4xx_hal_dma2d.c:366:13:HAL_DMA2D_MspDeInit	0	static
stm32f4xx_hal_dma2d.c:427:19:HAL_DMA2D_Start	24	static
stm32f4xx_hal_dma2d.c:461:19:HAL_DMA2D_Start_IT	24	static
stm32f4xx_hal_dma2d.c:496:19:HAL_DMA2D_BlendingStart	24	static
stm32f4xx_hal_dma2d.c:531:19:HAL_DMA2D_BlendingStart_IT	24	static
stm32f4xx_hal_dma2d.c:564:19:HAL_DMA2D_Abort	16	static
stm32f4xx_hal_dma2d.c:613:19:HAL_DMA2D_Suspend	16	static
stm32f4xx_hal_dma2d.c:663:19:HAL_DMA2D_Resume	0	static
stm32f4xx_hal_dma2d.c:690:19:HAL_DMA2D_EnableCLUT	0	static
stm32f4xx_hal_dma2d.c:727:19:HAL_DMA2D_CLUTLoad	32	static
stm32f4xx_hal_dma2d.c:781:19:HAL_DMA2D_CLUTLoad_IT	32	static
stm32f4xx_hal_dma2d.c:839:19:HAL_DMA2D_CLUTLoading_Abort	16	static
stm32f4xx_hal_dma2d.c:274:19:HAL_DMA2D_DeInit	8	static
stm32f4xx_hal_dma2d.c:895:19:HAL_DMA2D_CLUTLoading_Suspend	16	static
stm32f4xx_hal_dma2d.c:952:19:HAL_DMA2D_CLUTLoading_Resume	0	static
stm32f4xx_hal_dma2d.c:989:19:HAL_DMA2D_PollForTransfer	24	static
stm32f4xx_hal_dma2d.c:1275:13:HAL_DMA2D_LineEventCallback	0	static
stm32f4xx_hal_dma2d.c:1291:13:HAL_DMA2D_CLUTLoadingCpltCallback	0	static
stm32f4xx_hal_dma2d.c:1115:6:HAL_DMA2D_IRQHandler	16	static
stm32f4xx_hal_dma2d.c:1333:19:HAL_DMA2D_ConfigLayer	20	static
stm32f4xx_hal_dma2d.c:1418:19:HAL_DMA2D_ConfigCLUT	32	static
stm32f4xx_hal_dma2d.c:1471:19:HAL_DMA2D_ProgramLineEvent	0	static
stm32f4xx_hal_dma2d.c:1509:19:HAL_DMA2D_EnableDeadTime	0	static
stm32f4xx_hal_dma2d.c:1532:19:HAL_DMA2D_DisableDeadTime	0	static
stm32f4xx_hal_dma2d.c:1558:19:HAL_DMA2D_ConfigDeadTime	0	static
stm32f4xx_hal_dma2d.c:1602:24:HAL_DMA2D_GetState	0	static
stm32f4xx_hal_dma2d.c:1613:10:HAL_DMA2D_GetError	0	static
