stm32f4xx_hal_sdram.c:276:13:HAL_SDRAM_DMA_XferErrorCallback	0	static
stm32f4xx_hal_sdram.c:262:13:HAL_SDRAM_DMA_XferCpltCallback	0	static
stm32f4xx_hal_sdram.c:198:13:HAL_SDRAM_MspInit	0	static
stm32f4xx_hal_sdram.c:138:19:HAL_SDRAM_Init	16	static
stm32f4xx_hal_sdram.c:213:13:HAL_SDRAM_MspDeInit	0	static
stm32f4xx_hal_sdram.c:175:19:HAL_SDRAM_DeInit	8	static
stm32f4xx_hal_sdram.c:247:13:HAL_SDRAM_RefreshErrorCallback	0	static
stm32f4xx_hal_sdram.c:228:6:HAL_SDRAM_IRQHandler	8	static
stm32f4xx_hal_sdram.c:311:19:HAL_SDRAM_Read_8b	12	static
stm32f4xx_hal_sdram.c:351:19:HAL_SDRAM_Write_8b	12	static
stm32f4xx_hal_sdram.c:394:19:HAL_SDRAM_Read_16b	12	static
stm32f4xx_hal_sdram.c:434:19:HAL_SDRAM_Write_16b	12	static
stm32f4xx_hal_sdram.c:477:19:HAL_SDRAM_Read_32b	12	static
stm32f4xx_hal_sdram.c:517:19:HAL_SDRAM_Write_32b	12	static
stm32f4xx_hal_sdram.c:560:19:HAL_SDRAM_Read_DMA	16	static
stm32f4xx_hal_sdram.c:601:19:HAL_SDRAM_Write_DMA	16	static
stm32f4xx_hal_sdram.c:657:19:HAL_SDRAM_WriteProtection_Enable	8	static
stm32f4xx_hal_sdram.c:683:19:HAL_SDRAM_WriteProtection_Disable	8	static
stm32f4xx_hal_sdram.c:711:19:HAL_SDRAM_SendCommand	16	static
stm32f4xx_hal_sdram.c:745:19:HAL_SDRAM_ProgramRefreshRate	8	static
stm32f4xx_hal_sdram.c:772:19:HAL_SDRAM_SetAutoRefreshNumber	8	static
stm32f4xx_hal_sdram.c:798:10:HAL_SDRAM_GetModeStatus	0	static
stm32f4xx_hal_sdram.c:829:24:HAL_SDRAM_GetState	0	static
