LCDConf_stm32f429i_disco_MB1075.c:185:1:Color2IndexBulk_M8888IDMA2D	0	static
LCDConf_stm32f429i_disco_MB1075.c:185:1:Index2ColorBulk_M8888IDMA2D	0	static
LCDConf_stm32f429i_disco_MB1075.c:186:1:Color2IndexBulk_M888DMA2D	16	static
LCDConf_stm32f429i_disco_MB1075.c:186:1:Index2ColorBulk_M888DMA2D	16	static
LCDConf_stm32f429i_disco_MB1075.c:187:1:Color2IndexBulk_M565DMA2D	16	static
LCDConf_stm32f429i_disco_MB1075.c:187:1:Index2ColorBulk_M565DMA2D	16	static
LCDConf_stm32f429i_disco_MB1075.c:188:1:Color2IndexBulk_M1555IDMA2D	16	static
LCDConf_stm32f429i_disco_MB1075.c:188:1:Index2ColorBulk_M1555IDMA2D	16	static
LCDConf_stm32f429i_disco_MB1075.c:189:1:Color2IndexBulk_M4444IDMA2D	16	static
LCDConf_stm32f429i_disco_MB1075.c:189:1:Index2ColorBulk_M4444IDMA2D	16	static
LCDConf_stm32f429i_disco_MB1075.c:346:6:HAL_LTDC_LineEventCallback	16	static
LCDConf_stm32f429i_disco_MB1075.c:381:6:LCD_X_Config	16	static
LCDConf_stm32f429i_disco_MB1075.c:488:5:LCD_X_DisplayDriver	80	static
LCDConf_stm32f429i_disco_MB1075.c:703:17:LCD_LL_GetPixelformat	0	static
LCDConf_stm32f429i_disco_MB1075.c:752:13:DMA2D_CopyBuffer	16	static
LCDConf_stm32f429i_disco_MB1075.c:818:17:GetBufferSize	0	static
LCDConf_stm32f429i_disco_MB1075.c:830:13:CUSTOM_CopyBuffer	40	static
LCDConf_stm32f429i_disco_MB1075.c:855:13:CUSTOM_CopyRect	24	static
LCDConf_stm32f429i_disco_MB1075.c:868:13:CUSTOM_FillRect	40	static
LCDConf_stm32f429i_disco_MB1075.c:895:13:DMA2D_LoadLUT	0	static
LCDConf_stm32f429i_disco_MB1075.c:912:13:InvertAlpha_SwapRB	12	static
LCDConf_stm32f429i_disco_MB1075.c:933:13:InvertAlpha	0	static
LCDConf_stm32f429i_disco_MB1075.c:952:13:DMA2D_AlphaBlendingBulk	12	static
LCDConf_stm32f429i_disco_MB1075.c:996:18:DMA2D_MixColors	40	static
LCDConf_stm32f429i_disco_MB1075.c:1047:13:DMA2D_ConvertColor	24	static
LCDConf_stm32f429i_disco_MB1075.c:1086:25:_LCD_GetpPalConvTable	32	static
LCDConf_stm32f429i_disco_MB1075.c:1146:13:DMA2D_MixColorsBulk	24	static
LCDConf_stm32f429i_disco_MB1075.c:1184:13:DMA2D_AlphaBlending	24	static
LCDConf_stm32f429i_disco_MB1075.c:1209:13:DMA2D_Index2ColorBulk	32	static
LCDConf_stm32f429i_disco_MB1075.c:1230:13:DMA2D_Color2IndexBulk	32	static
LCDConf_stm32f429i_disco_MB1075.c:1252:13:LCD_MixColorsBulk	40	static
LCDConf_stm32f429i_disco_MB1075.c:1284:13:DMA2D_DrawBitmapL8	24	static
LCDConf_stm32f429i_disco_MB1075.c:1324:13:BSP_LCD_DrawBitmap16bpp	64	static
LCDConf_stm32f429i_disco_MB1075.c:1347:13:BSP_LCD_DrawBitmap8bpp	72	static
