stm32f4xx_hal_msp.c:49:6:HAL_MspInit	8	static
stm32f4xx_hal_msp.c:78:6:HAL_DMA2D_MspInit	8	static
stm32f4xx_hal_msp.c:95:6:HAL_DMA2D_MspDeInit	0	static
stm32f4xx_hal_msp.c:112:6:HAL_I2C_MspInit	48	static
stm32f4xx_hal_msp.c:149:6:HAL_I2C_MspDeInit	8	static
stm32f4xx_hal_msp.c:175:6:HAL_LTDC_MspInit	48	static
stm32f4xx_hal_msp.c:275:6:HAL_LTDC_MspDeInit	8	static
stm32f4xx_hal_msp.c:332:6:HAL_SPI_MspInit	32	static
stm32f4xx_hal_msp.c:363:6:HAL_SPI_MspDeInit	0	static
stm32f4xx_hal_msp.c:496:6:HAL_SDRAM_MspInit	48	static
stm32f4xx_hal_msp.c:583:6:HAL_SDRAM_MspDeInit	8	static
